ARM Linker, 4.1 [Build 481] [Standard]

==============================================================================

Section Cross References

    startup_stm32f10x_md.o(RESET) refers to startup_stm32f10x_md.o(STACK) for __initial_sp
    startup_stm32f10x_md.o(RESET) refers to startup_stm32f10x_md.o(.text) for Reset_Handler
    startup_stm32f10x_md.o(RESET) refers to stm32f10x_it.o(.text) for NMI_Handler
    startup_stm32f10x_md.o(RESET) refers to os_cpu_a.o(.text) for PendSV_Handler
    startup_stm32f10x_md.o(.text) refers to system_stm32f10x.o(.text) for SystemInit
    startup_stm32f10x_md.o(.text) refers to entry.o(.ARM.Collect$$$$00000000) for __main
    system_stm32f10x.o(.text) refers to system_stm32f10x.o(.data) for SystemCoreClock
    stm32f10x_adc.o(.text) refers to stm32f10x_rcc.o(.text) for RCC_APB2PeriphResetCmd
    stm32f10x_bkp.o(.text) refers to stm32f10x_rcc.o(.text) for RCC_BackupResetCmd
    stm32f10x_can.o(.text) refers to stm32f10x_rcc.o(.text) for RCC_APB1PeriphResetCmd
    stm32f10x_cec.o(.text) refers to stm32f10x_rcc.o(.text) for RCC_APB1PeriphResetCmd
    stm32f10x_dac.o(.text) refers to stm32f10x_rcc.o(.text) for RCC_APB1PeriphResetCmd
    stm32f10x_gpio.o(.text) refers to stm32f10x_rcc.o(.text) for RCC_APB2PeriphResetCmd
    stm32f10x_i2c.o(.text) refers to stm32f10x_rcc.o(.text) for RCC_APB1PeriphResetCmd
    stm32f10x_pwr.o(.text) refers to stm32f10x_rcc.o(.text) for RCC_APB1PeriphResetCmd
    stm32f10x_rcc.o(.text) refers to stm32f10x_rcc.o(.data) for APBAHBPrescTable
    stm32f10x_spi.o(.text) refers to stm32f10x_rcc.o(.text) for RCC_APB2PeriphResetCmd
    stm32f10x_tim.o(.text) refers to stm32f10x_rcc.o(.text) for RCC_APB2PeriphResetCmd
    stm32f10x_usart.o(.text) refers to stm32f10x_rcc.o(.text) for RCC_APB2PeriphResetCmd
    stm32f10x_wwdg.o(.text) refers to stm32f10x_rcc.o(.text) for RCC_APB1PeriphResetCmd
    bsp.o(.text) refers to stm32f10x_rcc.o(.text) for RCC_DeInit
    bsp.o(.text) refers to stm32f10x_flash.o(.text) for FLASH_PrefetchBufferCmd
    bsp.o(.text) refers to misc.o(.text) for NVIC_SetVectorTable
    bsp.o(.text) refers to usart.o(.text) for USART1_Init
    bsp.o(.text) refers to i2c.o(.text) for I2C1_Init
    bsp.o(.text) refers to tim4.o(.text) for TIM4_Init
    bsp.o(.text) refers to ultrasonic.o(.text) for Ultrasonic_Init
    bsp_int.o(.text) refers to cpu_c.o(.text) for CPU_IntSrcDis
    bsp_int.o(.text) refers to cpu_a.o(.text) for CPU_IntDis
    bsp_int.o(.text) refers to os_core.o(.text) for OSIntExit
    bsp_int.o(.text) refers to bsp_int.o(.bss) for BSP_IntVectTbl
    bsp_int.o(.text) refers to os_core.o(.data) for OSIntNesting
    usart.o(.text) refers to stm32f10x_usart.o(.text) for USART_GetFlagStatus
    usart.o(.text) refers to stm32f10x_rcc.o(.text) for RCC_APB2PeriphClockCmd
    usart.o(.text) refers to misc.o(.text) for NVIC_Init
    usart.o(.text) refers to stm32f10x_gpio.o(.text) for GPIO_Init
    systick.o(.text) refers to misc.o(.text) for NVIC_Init
    systick.o(.text) refers to bsp.o(.text) for OS_CPU_SysTickClkFreq
    i2c.o(.text) refers to stm32f10x_rcc.o(.text) for RCC_APB1PeriphClockCmd
    i2c.o(.text) refers to stm32f10x_gpio.o(.text) for GPIO_Init
    i2c.o(.text) refers to stm32f10x_i2c.o(.text) for I2C_DeInit
    ultrasonic.o(.text) refers to stm32f10x_rcc.o(.text) for RCC_APB2PeriphClockCmd
    ultrasonic.o(.text) refers to misc.o(.text) for NVIC_Init
    ultrasonic.o(.text) refers to stm32f10x_gpio.o(.text) for GPIO_Init
    ultrasonic.o(.text) refers to stm32f10x_exti.o(.text) for EXTI_ClearITPendingBit
    ultrasonic.o(.text) refers to memseta.o(.text) for __aeabi_memclr4
    ultrasonic.o(.text) refers to fflti.o(.text) for __aeabi_i2f
    ultrasonic.o(.text) refers to fadd.o(.text) for __aeabi_fadd
    ultrasonic.o(.text) refers to ffixi.o(.text) for __aeabi_f2iz
    ultrasonic.o(.text) refers to ultrasonic.o(.data) for msHcCount
    tim4.o(.text) refers to stm32f10x_rcc.o(.text) for RCC_APB1PeriphClockCmd
    tim4.o(.text) refers to misc.o(.text) for NVIC_Init
    tim4.o(.text) refers to stm32f10x_tim.o(.text) for TIM_TimeBaseInit
    cpu_c.o(.text) refers to cpu_a.o(.text) for CPU_SR_Save
    os_cpu_a.o(.text) refers to os_core.o(.data) for OSRunning
    os_cpu_a.o(.text) refers to os_cpu_c.o(.text) for OSTaskSwHook
    os_core.o(.text) refers to os_cpu_a.o(.text) for OS_CPU_SR_Save
    os_core.o(.text) refers to os_core.o(.data) for OSIntNesting
    os_core.o(.text) refers to os_core.o(.constdata) for OSUnMapTbl
    os_core.o(.text) refers to os_core.o(.bss) for OSTCBPrioTbl
    os_core.o(.text) refers to os_task.o(.text) for OSTaskStkChk
    os_core.o(.text) refers to os_time.o(.text) for OSTimeDly
    os_core.o(.text) refers to os_cpu_c.o(.text) for OSTaskStatHook
    os_core.o(.text) refers to os_flag.o(.text) for OS_FlagInit
    os_flag.o(.text) refers to os_cpu_a.o(.text) for OS_CPU_SR_Save
    os_flag.o(.text) refers to os_core.o(.text) for OS_Sched
[...]
    printf4.o(i._printf_core) refers to uldiv.o(.text) for __aeabi_uldivmod
    printf5.o(i.__0fprintf$5) refers to printf5.o(i._printf_core) for _printf_core
    printf5.o(i.__0fprintf$5) refers to usart.o(.text) for fputc
    printf5.o(i.__0printf$5) refers to printf5.o(i._printf_core) for _printf_core
    printf5.o(i.__0printf$5) refers to usart.o(.text) for fputc
    printf5.o(i.__0printf$5) refers to stdout.o(.data) for __stdout
    printf5.o(i.__0snprintf$5) refers to printf5.o(i._printf_core) for _printf_core
    printf5.o(i.__0snprintf$5) refers to printf5.o(i._snputc) for _snputc
    printf5.o(i.__0sprintf$5) refers to printf5.o(i._printf_core) for _printf_core
    printf5.o(i.__0sprintf$5) refers to printf5.o(i._sputc) for _sputc
    printf5.o(i.__0vfprintf$5) refers to printf5.o(i._printf_core) for _printf_core
    printf5.o(i.__0vfprintf$5) refers to usart.o(.text) for fputc
    printf5.o(i.__0vprintf$5) refers to printf5.o(i._printf_core) for _printf_core
    printf5.o(i.__0vprintf$5) refers to usart.o(.text) for fputc
    printf5.o(i.__0vprintf$5) refers to stdout.o(.data) for __stdout
    printf5.o(i.__0vsnprintf$5) refers to printf5.o(i._printf_core) for _printf_core
    printf5.o(i.__0vsnprintf$5) refers to printf5.o(i._snputc) for _snputc
    printf5.o(i.__0vsprintf$5) refers to printf5.o(i._printf_core) for _printf_core
    printf5.o(i.__0vsprintf$5) refers to printf5.o(i._sputc) for _sputc
    printf5.o(i._printf_core) refers to uldiv.o(.text) for __aeabi_uldivmod
    printf6.o(i.__0fprintf$6) refers to printf6.o(i._printf_core) for _printf_core
    printf6.o(i.__0fprintf$6) refers to usart.o(.text) for fputc
    printf6.o(i.__0printf$6) refers to printf6.o(i._printf_core) for _printf_core
    printf6.o(i.__0printf$6) refers to usart.o(.text) for fputc
    printf6.o(i.__0printf$6) refers to stdout.o(.data) for __stdout
    printf6.o(i.__0snprintf$6) refers to printf6.o(i._printf_core) for _printf_core
    printf6.o(i.__0snprintf$6) refers to printf6.o(i._snputc) for _snputc
    printf6.o(i.__0sprintf$6) refers to printf6.o(i._printf_core) for _printf_core
    printf6.o(i.__0sprintf$6) refers to printf6.o(i._sputc) for _sputc
    printf6.o(i.__0vfprintf$6) refers to printf6.o(i._printf_core) for _printf_core
    printf6.o(i.__0vfprintf$6) refers to usart.o(.text) for fputc
    printf6.o(i.__0vprintf$6) refers to printf6.o(i._printf_core) for _printf_core
    printf6.o(i.__0vprintf$6) refers to usart.o(.text) for fputc
    printf6.o(i.__0vprintf$6) refers to stdout.o(.data) for __stdout
    printf6.o(i.__0vsnprintf$6) refers to printf6.o(i._printf_core) for _printf_core
    printf6.o(i.__0vsnprintf$6) refers to printf6.o(i._snputc) for _snputc
    printf6.o(i.__0vsprintf$6) refers to printf6.o(i._printf_core) for _printf_core
    printf6.o(i.__0vsprintf$6) refers to printf6.o(i._sputc) for _sputc
    printf6.o(i._printf_core) refers to printf6.o(i._printf_pre_padding) for _printf_pre_padding
    printf6.o(i._printf_core) refers to uidiv.o(.text) for __aeabi_uidivmod
    printf6.o(i._printf_core) refers to printf6.o(i._printf_post_padding) for _printf_post_padding
    printf7.o(i.__0fprintf$7) refers to printf7.o(i._printf_core) for _printf_core
    printf7.o(i.__0fprintf$7) refers to usart.o(.text) for fputc
    printf7.o(i.__0printf$7) refers to printf7.o(i._printf_core) for _printf_core
    printf7.o(i.__0printf$7) refers to usart.o(.text) for fputc
    printf7.o(i.__0printf$7) refers to stdout.o(.data) for __stdout
    printf7.o(i.__0snprintf$7) refers to printf7.o(i._printf_core) for _printf_core
    printf7.o(i.__0snprintf$7) refers to printf7.o(i._snputc) for _snputc
    printf7.o(i.__0sprintf$7) refers to printf7.o(i._printf_core) for _printf_core
    printf7.o(i.__0sprintf$7) refers to printf7.o(i._sputc) for _sputc
    printf7.o(i.__0vfprintf$7) refers to printf7.o(i._printf_core) for _printf_core
    printf7.o(i.__0vfprintf$7) refers to usart.o(.text) for fputc
    printf7.o(i.__0vprintf$7) refers to printf7.o(i._printf_core) for _printf_core
    printf7.o(i.__0vprintf$7) refers to usart.o(.text) for fputc
    printf7.o(i.__0vprintf$7) refers to stdout.o(.data) for __stdout
    printf7.o(i.__0vsnprintf$7) refers to printf7.o(i._printf_core) for _printf_core
    printf7.o(i.__0vsnprintf$7) refers to printf7.o(i._snputc) for _snputc
    printf7.o(i.__0vsprintf$7) refers to printf7.o(i._printf_core) for _printf_core
    printf7.o(i.__0vsprintf$7) refers to printf7.o(i._sputc) for _sputc
    printf7.o(i._printf_core) refers to printf7.o(i._printf_pre_padding) for _printf_pre_padding
    printf7.o(i._printf_core) refers to uldiv.o(.text) for __aeabi_uldivmod
    printf7.o(i._printf_core) refers to printf7.o(i._printf_post_padding) for _printf_post_padding
    printf8.o(i.__0fprintf$8) refers to printf8.o(i._printf_core) for _printf_core
    printf8.o(i.__0fprintf$8) refers to usart.o(.text) for fputc
    printf8.o(i.__0printf$8) refers to printf8.o(i._printf_core) for _printf_core
    printf8.o(i.__0printf$8) refers to usart.o(.text) for fputc
    printf8.o(i.__0printf$8) refers to stdout.o(.data) for __stdout
    printf8.o(i.__0snprintf$8) refers to printf8.o(i._printf_core) for _printf_core
    printf8.o(i.__0snprintf$8) refers to printf8.o(i._snputc) for _snputc
    printf8.o(i.__0sprintf$8) refers to printf8.o(i._printf_core) for _printf_core
    printf8.o(i.__0sprintf$8) refers to printf8.o(i._sputc) for _sputc
    printf8.o(i.__0vfprintf$8) refers to printf8.o(i._printf_core) for _printf_core
    printf8.o(i.__0vfprintf$8) refers to usart.o(.text) for fputc
    printf8.o(i.__0vprintf$8) refers to printf8.o(i._printf_core) for _printf_core
    printf8.o(i.__0vprintf$8) refers to usart.o(.text) for fputc
    printf8.o(i.__0vprintf$8) refers to stdout.o(.data) for __stdout
    printf8.o(i.__0vsnprintf$8) refers to printf8.o(i._printf_core) for _printf_core
    printf8.o(i.__0vsnprintf$8) refers to printf8.o(i._snputc) for _snputc
    printf8.o(i.__0vsprintf$8) refers to printf8.o(i._printf_core) for _printf_core
    printf8.o(i.__0vsprintf$8) refers to printf8.o(i._sputc) for _sputc
    printf8.o(i._printf_core) refers to printf8.o(i._printf_pre_padding) for _printf_pre_padding
    printf8.o(i._printf_core) refers to uldiv.o(.text) for __aeabi_uldivmod
    printf8.o(i._printf_core) refers to printf8.o(i._printf_post_padding) for _printf_post_padding
    printfa.o(i.__0fprintf) refers (Special) to iusefp.o(.text) for __I$use$fp
    printfa.o(i.__0fprintf) refers to printfa.o(i._printf_core) for _printf_core
    printfa.o(i.__0fprintf) refers to usart.o(.text) for fputc
    printfa.o(i.__0printf) refers (Special) to iusefp.o(.text) for __I$use$fp
    printfa.o(i.__0printf) refers to printfa.o(i._printf_core) for _printf_core
    printfa.o(i.__0printf) refers to usart.o(.text) for fputc
    printfa.o(i.__0printf) refers to stdout.o(.data) for __stdout
    printfa.o(i.__0snprintf) refers (Special) to iusefp.o(.text) for __I$use$fp
    printfa.o(i.__0snprintf) refers to printfa.o(i._printf_core) for _printf_core
    printfa.o(i.__0snprintf) refers to printfa.o(i._snputc) for _snputc
    printfa.o(i.__0sprintf) refers (Special) to iusefp.o(.text) for __I$use$fp
    printfa.o(i.__0sprintf) refers to printfa.o(i._printf_core) for _printf_core
    printfa.o(i.__0sprintf) refers to printfa.o(i._sputc) for _sputc
    printfa.o(i.__0vfprintf) refers (Special) to iusefp.o(.text) for __I$use$fp
    printfa.o(i.__0vfprintf) refers to printfa.o(i._printf_core) for _printf_core
    printfa.o(i.__0vfprintf) refers to usart.o(.text) for fputc
    printfa.o(i.__0vprintf) refers (Special) to iusefp.o(.text) for __I$use$fp
    printfa.o(i.__0vprintf) refers to printfa.o(i._printf_core) for _printf_core
    printfa.o(i.__0vprintf) refers to usart.o(.text) for fputc
    printfa.o(i.__0vprintf) refers to stdout.o(.data) for __stdout
    printfa.o(i.__0vsnprintf) refers (Special) to iusefp.o(.text) for __I$use$fp
    printfa.o(i.__0vsnprintf) refers to printfa.o(i._printf_core) for _printf_core
    printfa.o(i.__0vsnprintf) refers to printfa.o(i._snputc) for _snputc
    printfa.o(i.__0vsprintf) refers (Special) to iusefp.o(.text) for __I$use$fp
    printfa.o(i.__0vsprintf) refers to printfa.o(i._printf_core) for _printf_core
    printfa.o(i.__0vsprintf) refers to printfa.o(i._sputc) for _sputc
    printfa.o(i._fp_digits) refers (Special) to iusefp.o(.text) for __I$use$fp
    printfa.o(i._fp_digits) refers to dmul.o(.text) for __aeabi_dmul
    printfa.o(i._fp_digits) refers to ddiv.o(.text) for __aeabi_ddiv
    printfa.o(i._fp_digits) refers to cdrcmple.o(.text) for __aeabi_cdrcmple
    printfa.o(i._fp_digits) refers to dadd.o(.text) for __aeabi_dadd
    printfa.o(i._fp_digits) refers to dfixul.o(.text) for __aeabi_d2ulz
    printfa.o(i._fp_digits) refers to uldiv.o(.text) for __aeabi_uldivmod
    printfa.o(i._printf_core) refers (Special) to iusefp.o(.text) for __I$use$fp
    printfa.o(i._printf_core) refers to printfa.o(i._printf_pre_padding) for _printf_pre_padding
    printfa.o(i._printf_core) refers to uldiv.o(.text) for __aeabi_uldivmod
    printfa.o(i._printf_core) refers to printfa.o(i._printf_post_padding) for _printf_post_padding
    printfa.o(i._printf_core) refers to printfa.o(i._fp_digits) for _fp_digits
    printfa.o(i._printf_core) refers to uidiv.o(.text) for __aeabi_uidivmod
    printfa.o(i._printf_post_padding) refers (Special) to iusefp.o(.text) for __I$use$fp
    printfa.o(i._printf_pre_padding) refers (Special) to iusefp.o(.text) for __I$use$fp
    printfa.o(i._snputc) refers (Special) to iusefp.o(.text) for __I$use$fp
    printfa.o(i._sputc) refers (Special) to iusefp.o(.text) for __I$use$fp
    fadd.o(.text) refers (Special) to iusefp.o(.text) for __I$use$fp
    fadd.o(.text) refers to fepilogue.o(.text) for _float_epilogue
    fflti.o(.text) refers (Special) to iusefp.o(.text) for __I$use$fp
    fflti.o(.text) refers to fepilogue.o(.text) for _float_epilogue
    ffltui.o(.text) refers (Special) to iusefp.o(.text) for __I$use$fp
    ffltui.o(.text) refers to fepilogue.o(.text) for _float_epilogue
    ffixi.o(.text) refers (Special) to iusefp.o(.text) for __I$use$fp
    ffixui.o(.text) refers (Special) to iusefp.o(.text) for __I$use$fp
    entry2.o(.ARM.Collect$$$$00000001) refers to entry2.o(.ARM.Collect$$$$00002712) for __lit__00000000
    entry2.o(.ARM.Collect$$$$00002712) refers to startup_stm32f10x_md.o(STACK) for __initial_sp
    entry2.o(__vectab_stack_and_reset_area) refers to startup_stm32f10x_md.o(STACK) for __initial_sp
    entry2.o(__vectab_stack_and_reset_area) refers to entry.o(.ARM.Collect$$$$00000000) for __main
    entry5.o(.ARM.Collect$$$$00000004) refers to init.o(.text) for __scatterload
    entry7.o(.ARM.Collect$$$$00000007) refers to app.o(.text) for main
    uldiv.o(.text) refers to llushr.o(.text) for __aeabi_llsr
    uldiv.o(.text) refers to llshl.o(.text) for __aeabi_llsl
    dadd.o(.text) refers to llshl.o(.text) for __aeabi_llsl
    dadd.o(.text) refers to llsshr.o(.text) for __aeabi_lasr
    dadd.o(.text) refers to depilogue.o(.text) for _double_epilogue
    dmul.o(.text) refers to depilogue.o(.text) for _double_epilogue
    ddiv.o(.text) refers to depilogue.o(.text) for _double_round
    dfixul.o(.text) refers to llushr.o(.text) for __aeabi_llsr
    dfixul.o(.text) refers to llshl.o(.text) for __aeabi_llsl
    init.o(.text) refers to entry5.o(.ARM.Collect$$$$00000004) for __main_after_scatterload
    depilogue.o(.text) refers to llshl.o(.text) for __aeabi_llsl
    depilogue.o(.text) refers to llushr.o(.text) for __aeabi_llsr


==============================================================================

Removing Unused input sections from the image.

    Removing startup_stm32f10x_md.o(HEAP), (512 bytes).
    Removing core_cm3.o(.emb_text), (32 bytes).
    Removing stm32f10x_adc.o(.text), (1088 bytes).
    Removing stm32f10x_bkp.o(.text), (196 bytes).
    Removing stm32f10x_can.o(.text), (2580 bytes).
    Removing stm32f10x_cec.o(.text), (312 bytes).
    Removing stm32f10x_crc.o(.text), (72 bytes).
    Removing stm32f10x_dac.o(.text), (424 bytes).
    Removing stm32f10x_dbgmcu.o(.text), (48 bytes).
    Removing stm32f10x_dma.o(.text), (584 bytes).
    Removing stm32f10x_fsmc.o(.text), (1560 bytes).
    Removing stm32f10x_iwdg.o(.text), (64 bytes).
    Removing stm32f10x_pwr.o(.text), (216 bytes).
    Removing stm32f10x_rtc.o(.text), (376 bytes).
    Removing stm32f10x_sdio.o(.text), (472 bytes).
    Removing stm32f10x_spi.o(.text), (784 bytes).
    Removing stm32f10x_wwdg.o(.text), (136 bytes).
    Removing bsp_int.o(.text), (628 bytes).
    Removing bsp_int.o(.bss), (168 bytes).
    Removing i2c.o(.bss), (512 bytes).
    Removing cpu_c.o(.text), (1416 bytes).
    Removing lib_mem.o(.text), (326 bytes).
    Removing lib_str.o(.text), (834 bytes).
    Removing lib_mem_a.o(.text), (544 bytes).
    Removing os_mbox.o(.text), (1012 bytes).
    Removing os_sem.o(.text), (960 bytes).
    Removing os_dbg.o(.constdata), (2 bytes).
    Removing dadd.o(.text), (330 bytes).
    Removing dmul.o(.text), (226 bytes).
    Removing ddiv.o(.text), (222 bytes).
    Removing dfixul.o(.text), (48 bytes).
    Removing cdrcmple.o(.text), (40 bytes).
    Removing depilogue.o(.text), (194 bytes).

33 unused section(s) (total 16918 bytes) removed from the image.

==============================================================================

Image Symbol Table

    Local Symbols

    Symbol Name                              Value     Ov Type        Size  Object(Section)

    ../../microlib/division.c                0x00000000   Number         0  uldiv.o ABSOLUTE
    ../../microlib/division.c                0x00000000   Number         0  uidiv.o ABSOLUTE
    ../../microlib/fpadd.c                   0x00000000   Number         0  fadd.o ABSOLUTE
    ../../microlib/fpadd.c                   0x00000000   Number         0  dadd.o ABSOLUTE
    ../../microlib/fpdiv.c                   0x00000000   Number         0  ddiv.o ABSOLUTE
    ../../microlib/fpepilogue.c              0x00000000   Number         0  depilogue.o ABSOLUTE
    ../../microlib/fpepilogue.c              0x00000000   Number         0  fepilogue.o ABSOLUTE
    ../../microlib/fpfix.c                   0x00000000   Number         0  ffixi.o ABSOLUTE
    ../../microlib/fpfix.c                   0x00000000   Number         0  dfixul.o ABSOLUTE
    ../../microlib/fpfix.c                   0x00000000   Number         0  ffixui.o ABSOLUTE
    ../../microlib/fpflt.c                   0x00000000   Number         0  ffltui.o ABSOLUTE
    ../../microlib/fpflt.c                   0x00000000   Number         0  fflti.o ABSOLUTE
    ../../microlib/fpmul.c                   0x00000000   Number         0  dmul.o ABSOLUTE
    ../../microlib/init/entry.s              0x00000000   Number         0  entry2.o ABSOLUTE
    ../../microlib/init/entry.s              0x00000000   Number         0  entry5.o ABSOLUTE
    ../../microlib/init/entry.s              0x00000000   Number         0  entry.o ABSOLUTE
    ../../microlib/init/entry.s              0x00000000   Number         0  entry7.o ABSOLUTE
    ../../microlib/longlong.c                0x00000000   Number         0  llshl.o ABSOLUTE
    ../../microlib/longlong.c                0x00000000   Number         0  llsshr.o ABSOLUTE
    ../../microlib/longlong.c                0x00000000   Number         0  llushr.o ABSOLUTE
    ../../microlib/printf/printf.c           0x00000000   Number         0  printf2.o ABSOLUTE
    ../../microlib/printf/printf.c           0x00000000   Number         0  printfa.o ABSOLUTE
    ../../microlib/printf/printf.c           0x00000000   Number         0  printf8.o ABSOLUTE
    ../../microlib/printf/printf.c           0x00000000   Number         0  printf7.o ABSOLUTE
    ../../microlib/printf/printf.c           0x00000000   Number         0  printf6.o ABSOLUTE
    ../../microlib/printf/printf.c           0x00000000   Number         0  printf5.o ABSOLUTE
    ../../microlib/printf/printf.c           0x00000000   Number         0  printf0.o ABSOLUTE
    ../../microlib/printf/printf.c           0x00000000   Number         0  printf1.o ABSOLUTE
    ../../microlib/printf/printf.c           0x00000000   Number         0  printfb.o ABSOLUTE
    ../../microlib/printf/printf.c           0x00000000   Number         0  printf4.o ABSOLUTE
    ../../microlib/printf/printf.c           0x00000000   Number         0  printf3.o ABSOLUTE
    ../../microlib/printf/stubs.s            0x00000000   Number         0  stubs.o ABSOLUTE
    ../../microlib/stdio/streams.c           0x00000000   Number         0  stdout.o ABSOLUTE
    ../../microlib/string/memset.c           0x00000000   Number         0  memseta.o ABSOLUTE
    ../../microlib/stubs.s                   0x00000000   Number         0  iusefp.o ABSOLUTE
    ..\APP\app.c                             0x00000000   Number         0  app.o ABSOLUTE
    ..\APP\stm32f10x_it.c                    0x00000000   Number         0  stm32f10x_it.o ABSOLUTE
    ..\BSP\I2C\i2c.c                         0x00000000   Number         0  i2c.o ABSOLUTE
    ..\BSP\bsp.c                             0x00000000   Number         0  bsp.o ABSOLUTE
    ..\BSP\bsp_int.c                         0x00000000   Number         0  bsp_int.o ABSOLUTE
    ..\BSP\sysTick\sysTick.c                 0x00000000   Number         0  systick.o ABSOLUTE
    ..\BSP\timer\TIM4.c                      0x00000000   Number         0  tim4.o ABSOLUTE
    ..\BSP\ultrasonic\ultrasonic.c           0x00000000   Number         0  ultrasonic.o ABSOLUTE
    ..\BSP\usart\usart.c                     0x00000000   Number         0  usart.o ABSOLUTE
    ..\CMSIS\CM3\CoreSupport\core_cm3.c      0x00000000   Number         0  core_cm3.o ABSOLUTE
    ..\CMSIS\CM3\DeviceSupport\ST\STM32F10x\startup\arm\startup_stm32f10x_md.s 0x00000000   Number         0  startup_stm32f10x_md.o ABSOLUTE
    ..\CMSIS\CM3\DeviceSupport\ST\STM32F10x\system_stm32f10x.c 0x00000000   Number         0  system_stm32f10x.o ABSOLUTE
    ..\STM32F10x_StdPeriph_Driver\src\misc.c 0x00000000   Number         0  misc.o ABSOLUTE
    ..\STM32F10x_StdPeriph_Driver\src\stm32f10x_adc.c 0x00000000   Number         0  stm32f10x_adc.o ABSOLUTE
    ..\STM32F10x_StdPeriph_Driver\src\stm32f10x_bkp.c 0x00000000   Number         0  stm32f10x_bkp.o ABSOLUTE
    ..\STM32F10x_StdPeriph_Driver\src\stm32f10x_can.c 0x00000000   Number         0  stm32f10x_can.o ABSOLUTE
    ..\STM32F10x_StdPeriph_Driver\src\stm32f10x_cec.c 0x00000000   Number         0  stm32f10x_cec.o ABSOLUTE
    ..\STM32F10x_StdPeriph_Driver\src\stm32f10x_crc.c 0x00000000   Number         0  stm32f10x_crc.o ABSOLUTE
    ..\STM32F10x_StdPeriph_Driver\src\stm32f10x_dac.c 0x00000000   Number         0  stm32f10x_dac.o ABSOLUTE
    ..\STM32F10x_StdPeriph_Driver\src\stm32f10x_dbgmcu.c 0x00000000   Number         0  stm32f10x_dbgmcu.o ABSOLUTE
    ..\STM32F10x_StdPeriph_Driver\src\stm32f10x_dma.c 0x00000000   Number         0  stm32f10x_dma.o ABSOLUTE
    ..\STM32F10x_StdPeriph_Driver\src\stm32f10x_exti.c 0x00000000   Number         0  stm32f10x_exti.o ABSOLUTE
    ..\STM32F10x_StdPeriph_Driver\src\stm32f10x_flash.c 0x00000000   Number         0  stm32f10x_flash.o ABSOLUTE
    ..\STM32F10x_StdPeriph_Driver\src\stm32f10x_fsmc.c 0x00000000   Number         0  stm32f10x_fsmc.o ABSOLUTE
    ..\STM32F10x_StdPeriph_Driver\src\stm32f10x_gpio.c 0x00000000   Number         0  stm32f10x_gpio.o ABSOLUTE
    ..\STM32F10x_StdPeriph_Driver\src\stm32f10x_i2c.c 0x00000000   Number         0  stm32f10x_i2c.o ABSOLUTE
    ..\STM32F10x_StdPeriph_Driver\src\stm32f10x_iwdg.c 0x00000000   Number         0  stm32f10x_iwdg.o ABSOLUTE
    ..\STM32F10x_StdPeriph_Driver\src\stm32f10x_pwr.c 0x00000000   Number         0  stm32f10x_pwr.o ABSOLUTE
    ..\STM32F10x_StdPeriph_Driver\src\stm32f10x_rcc.c 0x00000000   Number         0  stm32f10x_rcc.o ABSOLUTE
    ..\STM32F10x_StdPeriph_Driver\src\stm32f10x_rtc.c 0x00000000   Number         0  stm32f10x_rtc.o ABSOLUTE
    ..\STM32F10x_StdPeriph_Driver\src\stm32f10x_sdio.c 0x00000000   Number         0  stm32f10x_sdio.o ABSOLUTE
    ..\STM32F10x_StdPeriph_Driver\src\stm32f10x_spi.c 0x00000000   Number         0  stm32f10x_spi.o ABSOLUTE
    ..\STM32F10x_StdPeriph_Driver\src\stm32f10x_tim.c 0x00000000   Number         0  stm32f10x_tim.o ABSOLUTE
    ..\STM32F10x_StdPeriph_Driver\src\stm32f10x_usart.c 0x00000000   Number         0  stm32f10x_usart.o ABSOLUTE
    ..\STM32F10x_StdPeriph_Driver\src\stm32f10x_wwdg.c 0x00000000   Number         0  stm32f10x_wwdg.o ABSOLUTE
    ..\\CMSIS\\CM3\\CoreSupport\\core_cm3.c  0x00000000   Number         0  core_cm3.o ABSOLUTE
    ..\uC-CPU\ARM-Cortex-M3\cpu_a.asm        0x00000000   Number         0  cpu_a.o ABSOLUTE
    ..\uC-CPU\ARM-Cortex-M3\cpu_c.c          0x00000000   Number         0  cpu_c.o ABSOLUTE
    ..\uC-LIB\Ports\lib_mem_a.asm            0x00000000   Number         0  lib_mem_a.o ABSOLUTE
    ..\uC-LIB\lib_mem.c                      0x00000000   Number         0  lib_mem.o ABSOLUTE
    ..\uC-LIB\lib_str.c                      0x00000000   Number         0  lib_str.o ABSOLUTE
    ..\uCOS-II\Ports\os_cpu_a.asm            0x00000000   Number         0  os_cpu_a.o ABSOLUTE
    ..\uCOS-II\Ports\os_cpu_c.c              0x00000000   Number         0  os_cpu_c.o ABSOLUTE
    ..\uCOS-II\Ports\os_dbg.c                0x00000000   Number         0  os_dbg.o ABSOLUTE
    ..\uCOS-II\Source\os_core.c              0x00000000   Number         0  os_core.o ABSOLUTE
    ..\uCOS-II\Source\os_flag.c              0x00000000   Number         0  os_flag.o ABSOLUTE
    ..\uCOS-II\Source\os_mbox.c              0x00000000   Number         0  os_mbox.o ABSOLUTE
    ..\uCOS-II\Source\os_mem.c               0x00000000   Number         0  os_mem.o ABSOLUTE
    ..\uCOS-II\Source\os_mutex.c             0x00000000   Number         0  os_mutex.o ABSOLUTE
    ..\uCOS-II\Source\os_q.c                 0x00000000   Number         0  os_q.o ABSOLUTE
    ..\uCOS-II\Source\os_sem.c               0x00000000   Number         0  os_sem.o ABSOLUTE
    ..\uCOS-II\Source\os_task.c              0x00000000   Number         0  os_task.o ABSOLUTE
    ..\uCOS-II\Source\os_time.c              0x00000000   Number         0  os_time.o ABSOLUTE
    ..\uCOS-II\Source\os_tmr.c               0x00000000   Number         0  os_tmr.o ABSOLUTE
    cdrcmple.s                               0x00000000   Number         0  cdrcmple.o ABSOLUTE
    dc.s                                     0x00000000   Number         0  dc.o ABSOLUTE
    handlers.s                               0x00000000   Number         0  handlers.o ABSOLUTE
    init.s                                   0x00000000   Number         0  init.o ABSOLUTE
    RESET                                    0x08000000   Section      236  startup_stm32f10x_md.o(RESET)
    .ARM.Collect$$$$00000000                 0x080000ec   Section        0  entry.o(.ARM.Collect$$$$00000000)
    .ARM.Collect$$$$00000001                 0x080000ec   Section        4  entry2.o(.ARM.Collect$$$$00000001)
    .ARM.Collect$$$$00000004                 0x080000f0   Section        4  entry5.o(.ARM.Collect$$$$00000004)
    .ARM.Collect$$$$00000007                 0x080000f4   Section        8  entry7.o(.ARM.Collect$$$$00000007)
    .ARM.Collect$$$$00002712                 0x080000fc   Section        4  entry2.o(.ARM.Collect$$$$00002712)
    __lit__00000000                          0x080000fc   Data           4  entry2.o(.ARM.Collect$$$$00002712)
    .text                                    0x08000100   Section       36  startup_stm32f10x_md.o(.text)
    .text                                    0x08000124   Section        0  system_stm32f10x.o(.text)
    SetSysClockTo72                          0x08000125   Thumb Code   192  system_stm32f10x.o(.text)
    SetSysClock                              0x080001e5   Thumb Code     8  system_stm32f10x.o(.text)
    .text                                    0x080002ec   Section        0  misc.o(.text)
    .text                                    0x080003e4   Section        0  stm32f10x_exti.o(.text)
    .text                                    0x08000520   Section        0  stm32f10x_flash.o(.text)
    .text                                    0x08000ae8   Section        0  stm32f10x_gpio.o(.text)
    .text                                    0x08000e40   Section        0  stm32f10x_i2c.o(.text)
    .text                                    0x08001230   Section        0  stm32f10x_rcc.o(.text)
    .text                                    0x080015d4   Section        0  stm32f10x_tim.o(.text)
    TI4_Config                               0x08001a5d   Thumb Code   118  stm32f10x_tim.o(.text)
    TI3_Config                               0x08001ae5   Thumb Code   114  stm32f10x_tim.o(.text)
    TI2_Config                               0x08001b6d   Thumb Code   118  stm32f10x_tim.o(.text)
    TI1_Config                               0x08001bf5   Thumb Code   106  stm32f10x_tim.o(.text)
    .text                                    0x08002384   Section        0  stm32f10x_usart.o(.text)
    .text                                    0x08002790   Section        0  bsp.o(.text)
    .text                                    0x08002890   Section        0  usart.o(.text)
    USART1_RCC_Cmd                           0x080028b1   Thumb Code    24  usart.o(.text)
    USART1_NVIC_Init                         0x080028c9   Thumb Code    32  usart.o(.text)
    USART1_GPIO_Init                         0x080028e9   Thumb Code    54  usart.o(.text)
    USART1_Mode_Config                       0x0800291f   Thumb Code    60  usart.o(.text)
    .text                                    0x0800297c   Section        0  systick.o(.text)
    SysTick_NVIC_Init                        0x0800297d   Thumb Code    32  systick.o(.text)
    SysTick_Mode_Config                      0x0800299d   Thumb Code    74  systick.o(.text)
    .text                                    0x080029fc   Section        0  i2c.o(.text)
    I2C1_RCC_Cmd                             0x080029fd   Thumb Code    32  i2c.o(.text)
    I2C1_GPIO_Init                           0x08002a1d   Thumb Code    56  i2c.o(.text)
    I2C1_Mode_Config                         0x08002a55   Thumb Code    64  i2c.o(.text)
    .text                                    0x08002bc8   Section        0  ultrasonic.o(.text)
    Ultrasonic_RCC_Cmd                       0x08002bc9   Thumb Code    22  ultrasonic.o(.text)
    Ultrasonic_NVIC_Init                     0x08002bdf   Thumb Code    34  ultrasonic.o(.text)
    Ultrasonic_GPIO_Init                     0x08002c01   Thumb Code    66  ultrasonic.o(.text)
    Ultrasonic_EXTI_Config                   0x08002c43   Thumb Code    44  ultrasonic.o(.text)
    Ultrasonic_delayus                       0x08002c85   Thumb Code    26  ultrasonic.o(.text)
    Ultrasonic_Transmit_Signal               0x08002c9f   Thumb Code    34  ultrasonic.o(.text)
    .text                                    0x08002d80   Section        0  tim4.o(.text)
    TIM4_RCC_Cmd                             0x08002d81   Thumb Code    14  tim4.o(.text)
    TIM4_NVIC_Init                           0x08002d8f   Thumb Code    34  tim4.o(.text)
    TIM4_Mode_Config                         0x08002db1   Thumb Code    64  tim4.o(.text)
    .text                                    0x08002e08   Section       42  cpu_a.o(.text)
    .text                                    0x08002e34   Section      164  os_cpu_a.o(.text)
    .text                                    0x08002ed8   Section        0  os_core.o(.text)
    OS_SchedNew                              0x08003021   Thumb Code    26  os_core.o(.text)
    OS_InitTaskStat                          0x08003439   Thumb Code    56  os_core.o(.text)
    OS_InitTaskIdle                          0x08003491   Thumb Code    56  os_core.o(.text)
    OS_InitEventList                         0x080034db   Thumb Code    70  os_core.o(.text)
    OS_InitTCBList                           0x08003521   Thumb Code    86  os_core.o(.text)
    OS_InitRdyList                           0x08003577   Thumb Code    46  os_core.o(.text)
    OS_InitMisc                              0x080035a5   Thumb Code    44  os_core.o(.text)
    .text                                    0x08003b90   Section        0  os_flag.o(.text)
    OS_FlagTaskRdy                           0x08003d0d   Thumb Code    96  os_flag.o(.text)
    OS_FlagBlock                             0x08003f05   Thumb Code   152  os_flag.o(.text)
    .text                                    0x080043d4   Section        0  os_task.o(.text)
    .text                                    0x08004ba4   Section        0  os_time.o(.text)
    .text                                    0x08004d68   Section        0  os_cpu_c.o(.text)
    .text                                    0x08004e44   Section        0  app.o(.text)
    App_TaskStart                            0x08004e45   Thumb Code    46  app.o(.text)
    App_DispScr_SignOn                       0x08004e73   Thumb Code   130  app.o(.text)
    .text                                    0x08005064   Section        0  stm32f10x_it.o(.text)
    .text                                    0x08005178   Section        0  memseta.o(.text)
    .text                                    0x0800519e   Section        0  fadd.o(.text)
    .text                                    0x0800524e   Section        0  fflti.o(.text)
    .text                                    0x08005260   Section        0  ffltui.o(.text)
    .text                                    0x0800526a   Section        0  ffixi.o(.text)
    .text                                    0x0800529c   Section        0  ffixui.o(.text)
    .text                                    0x080052c4   Section        0  uldiv.o(.text)
    .text                                    0x0800532a   Section        0  iusefp.o(.text)
    .text                                    0x0800532a   Section        0  fepilogue.o(.text)
    .text                                    0x0800539c   Section       36  init.o(.text)
    .text                                    0x080053c0   Section        0  llshl.o(.text)
    .text                                    0x080053de   Section        0  llushr.o(.text)
    i.__0printf$4                            0x08005400   Section        0  printf4.o(i.__0printf$4)
    i.__scatterload_copy                     0x08005420   Section       14  handlers.o(i.__scatterload_copy)
    i.__scatterload_null                     0x0800542e   Section        2  handlers.o(i.__scatterload_null)
    i.__scatterload_zeroinit                 0x08005430   Section       14  handlers.o(i.__scatterload_zeroinit)
    i._printf_core                           0x08005440   Section        0  printf4.o(i._printf_core)
    _printf_core                             0x08005441   Thumb Code   544  printf4.o(i._printf_core)
    .constdata                               0x08005664   Section      256  os_core.o(.constdata)
    .data                                    0x20000000   Section       20  system_stm32f10x.o(.data)
    .data                                    0x20000014   Section       20  stm32f10x_rcc.o(.data)
    APBAHBPrescTable                         0x20000014   Data          16  stm32f10x_rcc.o(.data)
    ADCPrescTable                            0x20000024   Data           4  stm32f10x_rcc.o(.data)
    .data                                    0x20000028   Section        8  ultrasonic.o(.data)
    .data                                    0x20000030   Section       64  os_core.o(.data)
    .data                                    0x20000070   Section        1  stm32f10x_it.o(.data)
    i                                        0x20000070   Data           1  stm32f10x_it.o(.data)
    .data                                    0x20000074   Section        4  stdout.o(.data)
    .bss                                     0x20000078   Section      256  usart.o(.bss)
    .bss                                     0x20000178   Section     2716  os_core.o(.bss)
    .bss                                     0x20000c14   Section      512  app.o(.bss)
    App_TaskStartStk                         0x20000c14   Data         512  app.o(.bss)
    STACK                                    0x20000e18   Section     1024  startup_stm32f10x_md.o(STACK)

    Global Symbols

    Symbol Name                              Value     Ov Type        Size  Object(Section)

    BuildAttributes$$THM_ISAv4$P$D$K$B$S$PE$A:L22UL41UL21$X:L11$S22US41US21$IEEE1$IW$USESV6$~STKCKD$USESV7$~SHL$OTIME$ROPI$EBA8$MICROLIB$REQ8$PRES8$EABIv2 0x00000000   Number         0  anon$$obj.o ABSOLUTE
    __ARM_use_no_argv                        0x00000000   Number         0  app.o ABSOLUTE
    _printf_a                                0x00000000   Number         0  stubs.o ABSOLUTE
    _printf_c                                0x00000000   Number         0  stubs.o ABSOLUTE
    _printf_charcount                        0x00000000   Number         0  stubs.o ABSOLUTE
    _printf_d                                0x00000000   Number         0  stubs.o ABSOLUTE
    _printf_e                                0x00000000   Number         0  stubs.o ABSOLUTE
    _printf_f                                0x00000000   Number         0  stubs.o ABSOLUTE
    _printf_flags                            0x00000000   Number         0  stubs.o ABSOLUTE
    _printf_fp_dec                           0x00000000   Number         0  stubs.o ABSOLUTE
    _printf_fp_hex                           0x00000000   Number         0  stubs.o ABSOLUTE
    _printf_g                                0x00000000   Number         0  stubs.o ABSOLUTE
    _printf_i                                0x00000000   Number         0  stubs.o ABSOLUTE
    _printf_int_dec                          0x00000000   Number         0  stubs.o ABSOLUTE
    _printf_l                                0x00000000   Number         0  stubs.o ABSOLUTE
    _printf_lc                               0x00000000   Number         0  stubs.o ABSOLUTE
    _printf_ll                               0x00000000   Number         0  stubs.o ABSOLUTE
    _printf_lld                              0x00000000   Number         0  stubs.o ABSOLUTE
    _printf_lli                              0x00000000   Number         0  stubs.o ABSOLUTE
    _printf_llo                              0x00000000   Number         0  stubs.o ABSOLUTE
    _printf_llu                              0x00000000   Number         0  stubs.o ABSOLUTE
    _printf_llx                              0x00000000   Number         0  stubs.o ABSOLUTE
    _printf_longlong_dec                     0x00000000   Number         0  stubs.o ABSOLUTE
    _printf_longlong_hex                     0x00000000   Number         0  stubs.o ABSOLUTE
    _printf_longlong_oct                     0x00000000   Number         0  stubs.o ABSOLUTE
    _printf_ls                               0x00000000   Number         0  stubs.o ABSOLUTE
    _printf_mbtowc                           0x00000000   Number         0  stubs.o ABSOLUTE
    _printf_n                                0x00000000   Number         0  stubs.o ABSOLUTE
    _printf_o                                0x00000000   Number         0  stubs.o ABSOLUTE
    _printf_p                                0x00000000   Number         0  stubs.o ABSOLUTE
    _printf_percent                          0x00000000   Number         0  stubs.o ABSOLUTE
    _printf_pre_padding                      0x00000000   Number         0  stubs.o ABSOLUTE
    _printf_return_value                     0x00000000   Number         0  stubs.o ABSOLUTE
    _printf_s                                0x00000000   Number         0  stubs.o ABSOLUTE
    _printf_sizespec                         0x00000000   Number         0  stubs.o ABSOLUTE
    _printf_str                              0x00000000   Number         0  stubs.o ABSOLUTE
    _printf_truncate_signed                  0x00000000   Number         0  stubs.o ABSOLUTE
    _printf_truncate_unsigned                0x00000000   Number         0  stubs.o ABSOLUTE
    _printf_u                                0x00000000   Number         0  stubs.o ABSOLUTE
    _printf_wc                               0x00000000   Number         0  stubs.o ABSOLUTE
    _printf_wctomb                           0x00000000   Number         0  stubs.o ABSOLUTE
    _printf_widthprec                        0x00000000   Number         0  stubs.o ABSOLUTE
    _printf_x                                0x00000000   Number         0  stubs.o ABSOLUTE
    __decompress                              - Undefined Weak Reference
    __Vectors_Size                           0x000000ec   Number         0  startup_stm32f10x_md.o ABSOLUTE
    __Vectors                                0x08000000   Data           4  startup_stm32f10x_md.o(RESET)
    __Vectors_End                            0x080000ec   Data           0  startup_stm32f10x_md.o(RESET)
    __main                                   0x080000ed   Thumb Code     0  entry.o(.ARM.Collect$$$$00000000)
    _main_stk                                0x080000ed   Thumb Code     0  entry2.o(.ARM.Collect$$$$00000001)
    _main_scatterload                        0x080000f1   Thumb Code     0  entry5.o(.ARM.Collect$$$$00000004)
    __main_after_scatterload                 0x080000f5   Thumb Code     0  entry5.o(.ARM.Collect$$$$00000004)
    _main_init                               0x080000f5   Thumb Code     0  entry7.o(.ARM.Collect$$$$00000007)
    Reset_Handler                            0x08000101   Thumb Code     8  startup_stm32f10x_md.o(.text)
    ADC1_2_IRQHandler                        0x0800011b   Thumb Code     0  startup_stm32f10x_md.o(.text)
    CAN1_RX1_IRQHandler                      0x0800011b   Thumb Code     0  startup_stm32f10x_md.o(.text)
    CAN1_SCE_IRQHandler                      0x0800011b   Thumb Code     0  startup_stm32f10x_md.o(.text)
    DMA1_Channel1_IRQHandler                 0x0800011b   Thumb Code     0  startup_stm32f10x_md.o(.text)
    DMA1_Channel2_IRQHandler                 0x0800011b   Thumb Code     0  startup_stm32f10x_md.o(.text)
    DMA1_Channel3_IRQHandler                 0x0800011b   Thumb Code     0  startup_stm32f10x_md.o(.text)
    DMA1_Channel4_IRQHandler                 0x0800011b   Thumb Code     0  startup_stm32f10x_md.o(.text)
    DMA1_Channel5_IRQHandler                 0x0800011b   Thumb Code     0  startup_stm32f10x_md.o(.text)
    DMA1_Channel6_IRQHandler                 0x0800011b   Thumb Code     0  startup_stm32f10x_md.o(.text)
    DMA1_Channel7_IRQHandler                 0x0800011b   Thumb Code     0  startup_stm32f10x_md.o(.text)
    EXTI0_IRQHandler                         0x0800011b   Thumb Code     0  startup_stm32f10x_md.o(.text)
    EXTI15_10_IRQHandler                     0x0800011b   Thumb Code     0  startup_stm32f10x_md.o(.text)
    EXTI1_IRQHandler                         0x0800011b   Thumb Code     0  startup_stm32f10x_md.o(.text)
    EXTI2_IRQHandler                         0x0800011b   Thumb Code     0  startup_stm32f10x_md.o(.text)
    EXTI3_IRQHandler                         0x0800011b   Thumb Code     0  startup_stm32f10x_md.o(.text)
    EXTI4_IRQHandler                         0x0800011b   Thumb Code     0  startup_stm32f10x_md.o(.text)
    FLASH_IRQHandler                         0x0800011b   Thumb Code     0  startup_stm32f10x_md.o(.text)
    I2C1_ER_IRQHandler                       0x0800011b   Thumb Code     0  startup_stm32f10x_md.o(.text)
    I2C1_EV_IRQHandler                       0x0800011b   Thumb Code     0  startup_stm32f10x_md.o(.text)
    I2C2_ER_IRQHandler                       0x0800011b   Thumb Code     0  startup_stm32f10x_md.o(.text)
    I2C2_EV_IRQHandler                       0x0800011b   Thumb Code     0  startup_stm32f10x_md.o(.text)
    PVD_IRQHandler                           0x0800011b   Thumb Code     0  startup_stm32f10x_md.o(.text)
    RCC_IRQHandler                           0x0800011b   Thumb Code     0  startup_stm32f10x_md.o(.text)
    RTCAlarm_IRQHandler                      0x0800011b   Thumb Code     0  startup_stm32f10x_md.o(.text)
    RTC_IRQHandler                           0x0800011b   Thumb Code     0  startup_stm32f10x_md.o(.text)
    SPI1_IRQHandler                          0x0800011b   Thumb Code     0  startup_stm32f10x_md.o(.text)
    SPI2_IRQHandler                          0x0800011b   Thumb Code     0  startup_stm32f10x_md.o(.text)
    TAMPER_IRQHandler                        0x0800011b   Thumb Code     0  startup_stm32f10x_md.o(.text)
    TIM1_BRK_IRQHandler                      0x0800011b   Thumb Code     0  startup_stm32f10x_md.o(.text)
    TIM1_CC_IRQHandler                       0x0800011b   Thumb Code     0  startup_stm32f10x_md.o(.text)
    TIM1_TRG_COM_IRQHandler                  0x0800011b   Thumb Code     0  startup_stm32f10x_md.o(.text)
    TIM1_UP_IRQHandler                       0x0800011b   Thumb Code     0  startup_stm32f10x_md.o(.text)
    TIM2_IRQHandler                          0x0800011b   Thumb Code     0  startup_stm32f10x_md.o(.text)
    TIM3_IRQHandler                          0x0800011b   Thumb Code     0  startup_stm32f10x_md.o(.text)
    USART2_IRQHandler                        0x0800011b   Thumb Code     0  startup_stm32f10x_md.o(.text)
    USART3_IRQHandler                        0x0800011b   Thumb Code     0  startup_stm32f10x_md.o(.text)
    USBWakeUp_IRQHandler                     0x0800011b   Thumb Code     0  startup_stm32f10x_md.o(.text)
    USB_HP_CAN1_TX_IRQHandler                0x0800011b   Thumb Code     0  startup_stm32f10x_md.o(.text)
    USB_LP_CAN1_RX0_IRQHandler               0x0800011b   Thumb Code     0  startup_stm32f10x_md.o(.text)
    WWDG_IRQHandler                          0x0800011b   Thumb Code     0  startup_stm32f10x_md.o(.text)
    SystemInit                               0x080001ed   Thumb Code    78  system_stm32f10x.o(.text)
    SystemCoreClockUpdate                    0x0800023b   Thumb Code   142  system_stm32f10x.o(.text)
    NVIC_PriorityGroupConfig                 0x080002ed   Thumb Code    10  misc.o(.text)
    NVIC_Init                                0x080002f7   Thumb Code   118  misc.o(.text)
    NVIC_SetVectorTable                      0x0800036d   Thumb Code    12  misc.o(.text)
    NVIC_SystemLPConfig                      0x08000379   Thumb Code    38  misc.o(.text)
    SysTick_CLKSourceConfig                  0x0800039f   Thumb Code    40  misc.o(.text)
    EXTI_DeInit                              0x080003e5   Thumb Code    30  stm32f10x_exti.o(.text)
    EXTI_Init                                0x08000403   Thumb Code   160  stm32f10x_exti.o(.text)
    EXTI_StructInit                          0x080004a3   Thumb Code    16  stm32f10x_exti.o(.text)
    EXTI_GenerateSWInterrupt                 0x080004b3   Thumb Code    16  stm32f10x_exti.o(.text)
    EXTI_GetFlagStatus                       0x080004c3   Thumb Code    20  stm32f10x_exti.o(.text)
    EXTI_ClearFlag                           0x080004d7   Thumb Code     6  stm32f10x_exti.o(.text)
    EXTI_GetITStatus                         0x080004dd   Thumb Code    34  stm32f10x_exti.o(.text)
    EXTI_ClearITPendingBit                   0x080004ff   Thumb Code     6  stm32f10x_exti.o(.text)
    FLASH_SetLatency                         0x08000521   Thumb Code    18  stm32f10x_flash.o(.text)
    FLASH_HalfCycleAccessCmd                 0x08000533   Thumb Code    22  stm32f10x_flash.o(.text)
    FLASH_PrefetchBufferCmd                  0x08000549   Thumb Code    22  stm32f10x_flash.o(.text)
    FLASH_Unlock                             0x0800055f   Thumb Code    12  stm32f10x_flash.o(.text)
    FLASH_UnlockBank1                        0x0800056b   Thumb Code    12  stm32f10x_flash.o(.text)
    FLASH_Lock                               0x08000577   Thumb Code    14  stm32f10x_flash.o(.text)
    FLASH_LockBank1                          0x08000585   Thumb Code    14  stm32f10x_flash.o(.text)
    FLASH_GetBank1Status                     0x08000593   Thumb Code    50  stm32f10x_flash.o(.text)
    FLASH_WaitForLastOperation               0x080005c5   Thumb Code    38  stm32f10x_flash.o(.text)
    FLASH_ErasePage                          0x080005eb   Thumb Code    72  stm32f10x_flash.o(.text)
    FLASH_EraseAllPages                      0x08000633   Thumb Code    68  stm32f10x_flash.o(.text)
    FLASH_WaitForLastBank1Operation          0x08000677   Thumb Code    38  stm32f10x_flash.o(.text)
    FLASH_EraseAllBank1Pages                 0x0800069d   Thumb Code    68  stm32f10x_flash.o(.text)
    FLASH_GetReadOutProtectionStatus         0x080006e1   Thumb Code    20  stm32f10x_flash.o(.text)
    FLASH_EraseOptionBytes                   0x080006f5   Thumb Code   152  stm32f10x_flash.o(.text)
    FLASH_ProgramWord                        0x0800078d   Thumb Code    96  stm32f10x_flash.o(.text)
    FLASH_ProgramHalfWord                    0x080007ed   Thumb Code    60  stm32f10x_flash.o(.text)
    FLASH_ProgramOptionByteData              0x08000829   Thumb Code    72  stm32f10x_flash.o(.text)
    FLASH_EnableWriteProtection              0x08000871   Thumb Code   208  stm32f10x_flash.o(.text)
    FLASH_ReadOutProtection                  0x08000941   Thumb Code   156  stm32f10x_flash.o(.text)
    FLASH_UserOptionByteConfig               0x080009dd   Thumb Code    88  stm32f10x_flash.o(.text)
    FLASH_GetUserOptionByte                  0x08000a35   Thumb Code     8  stm32f10x_flash.o(.text)
    FLASH_GetWriteProtectionOptionByte       0x08000a3d   Thumb Code     6  stm32f10x_flash.o(.text)
    FLASH_GetPrefetchBufferStatus            0x08000a43   Thumb Code    20  stm32f10x_flash.o(.text)
    FLASH_ITConfig                           0x08000a57   Thumb Code    26  stm32f10x_flash.o(.text)
    FLASH_GetFlagStatus                      0x08000a71   Thumb Code    42  stm32f10x_flash.o(.text)
    FLASH_ClearFlag                          0x08000a9b   Thumb Code     6  stm32f10x_flash.o(.text)
    FLASH_GetStatus                          0x08000aa1   Thumb Code    50  stm32f10x_flash.o(.text)
    GPIO_DeInit                              0x08000ae9   Thumb Code   172  stm32f10x_gpio.o(.text)
    GPIO_AFIODeInit                          0x08000b95   Thumb Code    20  stm32f10x_gpio.o(.text)
    GPIO_Init                                0x08000ba9   Thumb Code   274  stm32f10x_gpio.o(.text)
    GPIO_StructInit                          0x08000cbb   Thumb Code    16  stm32f10x_gpio.o(.text)
    GPIO_ReadInputDataBit                    0x08000ccb   Thumb Code    18  stm32f10x_gpio.o(.text)
    GPIO_ReadInputData                       0x08000cdd   Thumb Code     8  stm32f10x_gpio.o(.text)
    GPIO_ReadOutputDataBit                   0x08000ce5   Thumb Code    18  stm32f10x_gpio.o(.text)
    GPIO_ReadOutputData                      0x08000cf7   Thumb Code     8  stm32f10x_gpio.o(.text)
    GPIO_SetBits                             0x08000cff   Thumb Code     4  stm32f10x_gpio.o(.text)
    GPIO_ResetBits                           0x08000d03   Thumb Code     4  stm32f10x_gpio.o(.text)
    GPIO_WriteBit                            0x08000d07   Thumb Code    10  stm32f10x_gpio.o(.text)
    GPIO_Write                               0x08000d11   Thumb Code     4  stm32f10x_gpio.o(.text)
    GPIO_PinLockConfig                       0x08000d15   Thumb Code    18  stm32f10x_gpio.o(.text)
    GPIO_EventOutputConfig                   0x08000d27   Thumb Code    26  stm32f10x_gpio.o(.text)
    GPIO_EventOutputCmd                      0x08000d41   Thumb Code     6  stm32f10x_gpio.o(.text)
    GPIO_PinRemapConfig                      0x08000d47   Thumb Code   138  stm32f10x_gpio.o(.text)
    GPIO_EXTILineConfig                      0x08000dd1   Thumb Code    66  stm32f10x_gpio.o(.text)
    GPIO_ETH_MediaInterfaceConfig            0x08000e13   Thumb Code     6  stm32f10x_gpio.o(.text)
    I2C_DeInit                               0x08000e41   Thumb Code    50  stm32f10x_i2c.o(.text)
    I2C_Init                                 0x08000e73   Thumb Code   222  stm32f10x_i2c.o(.text)
    I2C_StructInit                           0x08000f51   Thumb Code    30  stm32f10x_i2c.o(.text)
    I2C_Cmd                                  0x08000f6f   Thumb Code    24  stm32f10x_i2c.o(.text)
    I2C_DMACmd                               0x08000f87   Thumb Code    24  stm32f10x_i2c.o(.text)
    I2C_DMALastTransferCmd                   0x08000f9f   Thumb Code    24  stm32f10x_i2c.o(.text)
    I2C_GenerateSTART                        0x08000fb7   Thumb Code    24  stm32f10x_i2c.o(.text)
    I2C_GenerateSTOP                         0x08000fcf   Thumb Code    24  stm32f10x_i2c.o(.text)
    I2C_AcknowledgeConfig                    0x08000fe7   Thumb Code    24  stm32f10x_i2c.o(.text)
    I2C_OwnAddress2Config                    0x08000fff   Thumb Code    22  stm32f10x_i2c.o(.text)
    I2C_DualAddressCmd                       0x08001015   Thumb Code    24  stm32f10x_i2c.o(.text)
    I2C_GeneralCallCmd                       0x0800102d   Thumb Code    24  stm32f10x_i2c.o(.text)
    I2C_ITConfig                             0x08001045   Thumb Code    24  stm32f10x_i2c.o(.text)
    I2C_SendData                             0x0800105d   Thumb Code     4  stm32f10x_i2c.o(.text)
    I2C_ReceiveData                          0x08001061   Thumb Code     8  stm32f10x_i2c.o(.text)
    I2C_Send7bitAddress                      0x08001069   Thumb Code    18  stm32f10x_i2c.o(.text)
    I2C_ReadRegister                         0x0800107b   Thumb Code    12  stm32f10x_i2c.o(.text)
    I2C_SoftwareResetCmd                     0x08001087   Thumb Code    22  stm32f10x_i2c.o(.text)
    I2C_NACKPositionConfig                   0x0800109d   Thumb Code    28  stm32f10x_i2c.o(.text)
    I2C_SMBusAlertConfig                     0x080010b9   Thumb Code    28  stm32f10x_i2c.o(.text)
    I2C_TransmitPEC                          0x080010d5   Thumb Code    24  stm32f10x_i2c.o(.text)
    I2C_PECPositionConfig                    0x080010ed   Thumb Code    28  stm32f10x_i2c.o(.text)
    I2C_CalculatePEC                         0x08001109   Thumb Code    24  stm32f10x_i2c.o(.text)
    I2C_GetPEC                               0x08001121   Thumb Code     8  stm32f10x_i2c.o(.text)
    I2C_ARPCmd                               0x08001129   Thumb Code    24  stm32f10x_i2c.o(.text)
    I2C_StretchClockCmd                      0x08001141   Thumb Code    24  stm32f10x_i2c.o(.text)
    I2C_FastModeDutyCycleConfig              0x08001159   Thumb Code    28  stm32f10x_i2c.o(.text)
    I2C_CheckEvent                           0x08001175   Thumb Code    42  stm32f10x_i2c.o(.text)
    I2C_GetLastEvent                         0x0800119f   Thumb Code    26  stm32f10x_i2c.o(.text)
    I2C_GetFlagStatus                        0x080011b9   Thumb Code    42  stm32f10x_i2c.o(.text)
    I2C_ClearFlag                            0x080011e3   Thumb Code    12  stm32f10x_i2c.o(.text)
    I2C_GetITStatus                          0x080011ef   Thumb Code    38  stm32f10x_i2c.o(.text)
    I2C_ClearITPendingBit                    0x08001215   Thumb Code    12  stm32f10x_i2c.o(.text)
    RCC_DeInit                               0x08001231   Thumb Code    64  stm32f10x_rcc.o(.text)
    RCC_HSEConfig                            0x08001271   Thumb Code    70  stm32f10x_rcc.o(.text)
    RCC_GetFlagStatus                        0x080012b7   Thumb Code    56  stm32f10x_rcc.o(.text)
    RCC_WaitForHSEStartUp                    0x080012ef   Thumb Code    48  stm32f10x_rcc.o(.text)
    RCC_AdjustHSICalibrationValue            0x0800131f   Thumb Code    20  stm32f10x_rcc.o(.text)
    RCC_HSICmd                               0x08001333   Thumb Code     6  stm32f10x_rcc.o(.text)
    RCC_PLLConfig                            0x08001339   Thumb Code    24  stm32f10x_rcc.o(.text)
    RCC_PLLCmd                               0x08001351   Thumb Code     6  stm32f10x_rcc.o(.text)
    RCC_SYSCLKConfig                         0x08001357   Thumb Code    18  stm32f10x_rcc.o(.text)
    RCC_GetSYSCLKSource                      0x08001369   Thumb Code    10  stm32f10x_rcc.o(.text)
    RCC_HCLKConfig                           0x08001373   Thumb Code    18  stm32f10x_rcc.o(.text)
    RCC_PCLK1Config                          0x08001385   Thumb Code    18  stm32f10x_rcc.o(.text)
    RCC_PCLK2Config                          0x08001397   Thumb Code    20  stm32f10x_rcc.o(.text)
    RCC_ITConfig                             0x080013ab   Thumb Code    30  stm32f10x_rcc.o(.text)
    RCC_USBCLKConfig                         0x080013c9   Thumb Code     6  stm32f10x_rcc.o(.text)
    RCC_ADCCLKConfig                         0x080013cf   Thumb Code    18  stm32f10x_rcc.o(.text)
    RCC_LSEConfig                            0x080013e1   Thumb Code    44  stm32f10x_rcc.o(.text)
    RCC_LSICmd                               0x0800140d   Thumb Code     6  stm32f10x_rcc.o(.text)
    RCC_RTCCLKConfig                         0x08001413   Thumb Code    12  stm32f10x_rcc.o(.text)
    RCC_RTCCLKCmd                            0x0800141f   Thumb Code     6  stm32f10x_rcc.o(.text)
    RCC_GetClocksFreq                        0x08001425   Thumb Code   192  stm32f10x_rcc.o(.text)
    RCC_AHBPeriphClockCmd                    0x080014e5   Thumb Code    26  stm32f10x_rcc.o(.text)
    RCC_APB2PeriphClockCmd                   0x080014ff   Thumb Code    26  stm32f10x_rcc.o(.text)
    RCC_APB1PeriphClockCmd                   0x08001519   Thumb Code    26  stm32f10x_rcc.o(.text)
    RCC_APB2PeriphResetCmd                   0x08001533   Thumb Code    26  stm32f10x_rcc.o(.text)
    RCC_APB1PeriphResetCmd                   0x0800154d   Thumb Code    26  stm32f10x_rcc.o(.text)
    RCC_BackupResetCmd                       0x08001567   Thumb Code     6  stm32f10x_rcc.o(.text)
    RCC_ClockSecuritySystemCmd               0x0800156d   Thumb Code     6  stm32f10x_rcc.o(.text)
    RCC_MCOConfig                            0x08001573   Thumb Code     6  stm32f10x_rcc.o(.text)
    RCC_ClearFlag                            0x08001579   Thumb Code    14  stm32f10x_rcc.o(.text)
    RCC_GetITStatus                          0x08001587   Thumb Code    20  stm32f10x_rcc.o(.text)
    RCC_ClearITPendingBit                    0x0800159b   Thumb Code     6  stm32f10x_rcc.o(.text)
    TIM_DeInit                               0x080015d5   Thumb Code   424  stm32f10x_tim.o(.text)
    TIM_TimeBaseInit                         0x0800177d   Thumb Code   122  stm32f10x_tim.o(.text)
    TIM_OC1Init                              0x080017f7   Thumb Code   132  stm32f10x_tim.o(.text)
    TIM_OC2Init                              0x0800187b   Thumb Code   146  stm32f10x_tim.o(.text)
    TIM_OC3Init                              0x0800190d   Thumb Code   142  stm32f10x_tim.o(.text)
    TIM_OC4Init                              0x0800199b   Thumb Code   172  stm32f10x_tim.o(.text)
    TIM_SetIC4Prescaler                      0x08001a47   Thumb Code    22  stm32f10x_tim.o(.text)
    TIM_SetIC3Prescaler                      0x08001ad3   Thumb Code    18  stm32f10x_tim.o(.text)
    TIM_SetIC2Prescaler                      0x08001b57   Thumb Code    22  stm32f10x_tim.o(.text)
    TIM_SetIC1Prescaler                      0x08001be3   Thumb Code    18  stm32f10x_tim.o(.text)
    TIM_ICInit                               0x08001c5f   Thumb Code   150  stm32f10x_tim.o(.text)
    TIM_PWMIConfig                           0x08001cf5   Thumb Code   124  stm32f10x_tim.o(.text)
    TIM_BDTRConfig                           0x08001d71   Thumb Code    32  stm32f10x_tim.o(.text)
    TIM_TimeBaseStructInit                   0x08001d91   Thumb Code    18  stm32f10x_tim.o(.text)
    TIM_OCStructInit                         0x08001da3   Thumb Code    20  stm32f10x_tim.o(.text)
    TIM_ICStructInit                         0x08001db7   Thumb Code    18  stm32f10x_tim.o(.text)
    TIM_BDTRStructInit                       0x08001dc9   Thumb Code    18  stm32f10x_tim.o(.text)
    TIM_Cmd                                  0x08001ddb   Thumb Code    24  stm32f10x_tim.o(.text)
    TIM_CtrlPWMOutputs                       0x08001df3   Thumb Code    52  stm32f10x_tim.o(.text)
    TIM_ITConfig                             0x08001e27   Thumb Code    24  stm32f10x_tim.o(.text)
    TIM_GenerateEvent                        0x08001e3f   Thumb Code     4  stm32f10x_tim.o(.text)
    TIM_DMAConfig                            0x08001e43   Thumb Code    10  stm32f10x_tim.o(.text)
    TIM_DMACmd                               0x08001e4d   Thumb Code    24  stm32f10x_tim.o(.text)
    TIM_InternalClockConfig                  0x08001e65   Thumb Code    12  stm32f10x_tim.o(.text)
    TIM_SelectInputTrigger                   0x08001e71   Thumb Code    18  stm32f10x_tim.o(.text)
    TIM_ITRxExternalClockConfig              0x08001e83   Thumb Code    24  stm32f10x_tim.o(.text)
    TIM_TIxExternalClockConfig               0x08001e9b   Thumb Code    62  stm32f10x_tim.o(.text)
    TIM_ETRConfig                            0x08001ed9   Thumb Code    24  stm32f10x_tim.o(.text)
    TIM_ETRClockMode1Config                  0x08001ef1   Thumb Code    54  stm32f10x_tim.o(.text)
    TIM_ETRClockMode2Config                  0x08001f27   Thumb Code    32  stm32f10x_tim.o(.text)
    TIM_PrescalerConfig                      0x08001f47   Thumb Code     6  stm32f10x_tim.o(.text)
    TIM_CounterModeConfig                    0x08001f4d   Thumb Code    18  stm32f10x_tim.o(.text)
    TIM_EncoderInterfaceConfig               0x08001f5f   Thumb Code    62  stm32f10x_tim.o(.text)
    TIM_ForcedOC1Config                      0x08001f9d   Thumb Code    18  stm32f10x_tim.o(.text)
    TIM_ForcedOC2Config                      0x08001faf   Thumb Code    22  stm32f10x_tim.o(.text)
    TIM_ForcedOC3Config                      0x08001fc5   Thumb Code    18  stm32f10x_tim.o(.text)
    TIM_ForcedOC4Config                      0x08001fd7   Thumb Code    22  stm32f10x_tim.o(.text)
    TIM_ARRPreloadConfig                     0x08001fed   Thumb Code    24  stm32f10x_tim.o(.text)
    TIM_SelectCOM                            0x08002005   Thumb Code    24  stm32f10x_tim.o(.text)
    TIM_SelectCCDMA                          0x0800201d   Thumb Code    24  stm32f10x_tim.o(.text)
    TIM_CCPreloadControl                     0x08002035   Thumb Code    24  stm32f10x_tim.o(.text)
    TIM_OC1PreloadConfig                     0x0800204d   Thumb Code    18  stm32f10x_tim.o(.text)
    TIM_OC2PreloadConfig                     0x0800205f   Thumb Code    22  stm32f10x_tim.o(.text)
    TIM_OC3PreloadConfig                     0x08002075   Thumb Code    18  stm32f10x_tim.o(.text)
    TIM_OC4PreloadConfig                     0x08002087   Thumb Code    22  stm32f10x_tim.o(.text)
    TIM_OC1FastConfig                        0x0800209d   Thumb Code    18  stm32f10x_tim.o(.text)
    TIM_OC2FastConfig                        0x080020af   Thumb Code    22  stm32f10x_tim.o(.text)
    TIM_OC3FastConfig                        0x080020c5   Thumb Code    18  stm32f10x_tim.o(.text)
    TIM_OC4FastConfig                        0x080020d7   Thumb Code    22  stm32f10x_tim.o(.text)
    TIM_ClearOC1Ref                          0x080020ed   Thumb Code    18  stm32f10x_tim.o(.text)
    TIM_ClearOC2Ref                          0x080020ff   Thumb Code    20  stm32f10x_tim.o(.text)
    TIM_ClearOC3Ref                          0x08002113   Thumb Code    18  stm32f10x_tim.o(.text)
    TIM_ClearOC4Ref                          0x08002125   Thumb Code    20  stm32f10x_tim.o(.text)
    TIM_OC1PolarityConfig                    0x08002139   Thumb Code    18  stm32f10x_tim.o(.text)
    TIM_OC1NPolarityConfig                   0x0800214b   Thumb Code    18  stm32f10x_tim.o(.text)
    TIM_OC2PolarityConfig                    0x0800215d   Thumb Code    22  stm32f10x_tim.o(.text)
    TIM_OC2NPolarityConfig                   0x08002173   Thumb Code    22  stm32f10x_tim.o(.text)
    TIM_OC3PolarityConfig                    0x08002189   Thumb Code    22  stm32f10x_tim.o(.text)
    TIM_OC3NPolarityConfig                   0x0800219f   Thumb Code    22  stm32f10x_tim.o(.text)
    TIM_OC4PolarityConfig                    0x080021b5   Thumb Code    22  stm32f10x_tim.o(.text)
    TIM_CCxCmd                               0x080021cb   Thumb Code    34  stm32f10x_tim.o(.text)
    TIM_CCxNCmd                              0x080021ed   Thumb Code    34  stm32f10x_tim.o(.text)
    TIM_SelectOCxM                           0x0800220f   Thumb Code    82  stm32f10x_tim.o(.text)
    TIM_UpdateDisableConfig                  0x08002261   Thumb Code    24  stm32f10x_tim.o(.text)
    TIM_UpdateRequestConfig                  0x08002279   Thumb Code    24  stm32f10x_tim.o(.text)
    TIM_SelectHallSensor                     0x08002291   Thumb Code    24  stm32f10x_tim.o(.text)
    TIM_SelectOnePulseMode                   0x080022a9   Thumb Code    18  stm32f10x_tim.o(.text)
    TIM_SelectOutputTrigger                  0x080022bb   Thumb Code    18  stm32f10x_tim.o(.text)
    TIM_SelectSlaveMode                      0x080022cd   Thumb Code    18  stm32f10x_tim.o(.text)
    TIM_SelectMasterSlaveMode                0x080022df   Thumb Code    18  stm32f10x_tim.o(.text)
    TIM_SetCounter                           0x080022f1   Thumb Code     4  stm32f10x_tim.o(.text)
    TIM_SetAutoreload                        0x080022f5   Thumb Code     4  stm32f10x_tim.o(.text)
    TIM_SetCompare1                          0x080022f9   Thumb Code     4  stm32f10x_tim.o(.text)
    TIM_SetCompare2                          0x080022fd   Thumb Code     4  stm32f10x_tim.o(.text)
    TIM_SetCompare3                          0x08002301   Thumb Code     4  stm32f10x_tim.o(.text)
    TIM_SetCompare4                          0x08002305   Thumb Code     6  stm32f10x_tim.o(.text)
    TIM_SetClockDivision                     0x0800230b   Thumb Code    18  stm32f10x_tim.o(.text)
    TIM_GetCapture1                          0x0800231d   Thumb Code     6  stm32f10x_tim.o(.text)
    TIM_GetCapture2                          0x08002323   Thumb Code     6  stm32f10x_tim.o(.text)
    TIM_GetCapture3                          0x08002329   Thumb Code     6  stm32f10x_tim.o(.text)
    TIM_GetCapture4                          0x0800232f   Thumb Code     8  stm32f10x_tim.o(.text)
    TIM_GetCounter                           0x08002337   Thumb Code     6  stm32f10x_tim.o(.text)
    TIM_GetPrescaler                         0x0800233d   Thumb Code     6  stm32f10x_tim.o(.text)
    TIM_GetFlagStatus                        0x08002343   Thumb Code    18  stm32f10x_tim.o(.text)
    TIM_ClearFlag                            0x08002355   Thumb Code     6  stm32f10x_tim.o(.text)
    TIM_GetITStatus                          0x0800235b   Thumb Code    34  stm32f10x_tim.o(.text)
    TIM_ClearITPendingBit                    0x0800237d   Thumb Code     6  stm32f10x_tim.o(.text)
    USART_DeInit                             0x08002385   Thumb Code   134  stm32f10x_usart.o(.text)
    USART_Init                               0x0800240b   Thumb Code   210  stm32f10x_usart.o(.text)
    USART_StructInit                         0x080024dd   Thumb Code    24  stm32f10x_usart.o(.text)
    USART_ClockInit                          0x080024f5   Thumb Code    34  stm32f10x_usart.o(.text)
    USART_ClockStructInit                    0x08002517   Thumb Code    12  stm32f10x_usart.o(.text)
    USART_Cmd                                0x08002523   Thumb Code    24  stm32f10x_usart.o(.text)
    USART_ITConfig                           0x0800253b   Thumb Code    74  stm32f10x_usart.o(.text)
    USART_DMACmd                             0x08002585   Thumb Code    24  stm32f10x_usart.o(.text)
    USART_SetAddress                         0x0800259d   Thumb Code    18  stm32f10x_usart.o(.text)
    USART_WakeUpConfig                       0x080025af   Thumb Code    18  stm32f10x_usart.o(.text)
    USART_ReceiverWakeUpCmd                  0x080025c1   Thumb Code    24  stm32f10x_usart.o(.text)
    USART_LINBreakDetectLengthConfig         0x080025d9   Thumb Code    18  stm32f10x_usart.o(.text)
    USART_LINCmd                             0x080025eb   Thumb Code    24  stm32f10x_usart.o(.text)
    USART_SendData                           0x08002603   Thumb Code     8  stm32f10x_usart.o(.text)
    USART_ReceiveData                        0x0800260b   Thumb Code    10  stm32f10x_usart.o(.text)
    USART_SendBreak                          0x08002615   Thumb Code    10  stm32f10x_usart.o(.text)
    USART_SetGuardTime                       0x0800261f   Thumb Code    16  stm32f10x_usart.o(.text)
    USART_SetPrescaler                       0x0800262f   Thumb Code    16  stm32f10x_usart.o(.text)
    USART_SmartCardCmd                       0x0800263f   Thumb Code    24  stm32f10x_usart.o(.text)
    USART_SmartCardNACKCmd                   0x08002657   Thumb Code    24  stm32f10x_usart.o(.text)
    USART_HalfDuplexCmd                      0x0800266f   Thumb Code    24  stm32f10x_usart.o(.text)
    USART_OverSampling8Cmd                   0x08002687   Thumb Code    22  stm32f10x_usart.o(.text)
    USART_OneBitMethodCmd                    0x0800269d   Thumb Code    24  stm32f10x_usart.o(.text)
    USART_IrDAConfig                         0x080026b5   Thumb Code    18  stm32f10x_usart.o(.text)
    USART_IrDACmd                            0x080026c7   Thumb Code    24  stm32f10x_usart.o(.text)
    USART_GetFlagStatus                      0x080026df   Thumb Code    26  stm32f10x_usart.o(.text)
    USART_ClearFlag                          0x080026f9   Thumb Code    18  stm32f10x_usart.o(.text)
    USART_GetITStatus                        0x0800270b   Thumb Code    84  stm32f10x_usart.o(.text)
    USART_ClearITPendingBit                  0x0800275f   Thumb Code    50  stm32f10x_usart.o(.text)
    RCC_Configuration                        0x08002791   Thumb Code   174  bsp.o(.text)
    NVIC_Configuration                       0x0800283f   Thumb Code    22  bsp.o(.text)
    BSP_Init                                 0x08002855   Thumb Code    32  bsp.o(.text)
    BSP_CPU_ClkFreq                          0x08002875   Thumb Code    16  bsp.o(.text)
    OS_CPU_SysTickClkFreq                    0x08002885   Thumb Code    12  bsp.o(.text)
    fputc                                    0x08002891   Thumb Code    32  usart.o(.text)
    USART1_Init                              0x0800295b   Thumb Code    26  usart.o(.text)
    SysTick_Init                             0x080029e7   Thumb Code    22  systick.o(.text)
    I2C1_Init                                0x08002a95   Thumb Code    18  i2c.o(.text)
    I2C_RW                                   0x08002aa7   Thumb Code   268  i2c.o(.text)
    Ultrasonic_Init                          0x08002c6f   Thumb Code    22  ultrasonic.o(.text)
    Get_distance                             0x08002cc1   Thumb Code   176  ultrasonic.o(.text)
    TIM4_Init                                0x08002df1   Thumb Code    18  tim4.o(.text)
    CPU_IntDis                               0x08002e09   Thumb Code     0  cpu_a.o(.text)
    CPU_IntEn                                0x08002e0d   Thumb Code     0  cpu_a.o(.text)
    CPU_SR_Save                              0x08002e11   Thumb Code     0  cpu_a.o(.text)
    CPU_SR_Restore                           0x08002e19   Thumb Code     0  cpu_a.o(.text)
    CPU_CntLeadZeros                         0x08002e1f   Thumb Code     0  cpu_a.o(.text)
    CPU_RevBits                              0x08002e25   Thumb Code     0  cpu_a.o(.text)
    CPU_WaitForInt                           0x08002e2b   Thumb Code     0  cpu_a.o(.text)
    CPU_WaitForExcept                        0x08002e2f   Thumb Code     0  cpu_a.o(.text)
    OS_CPU_SR_Save                           0x08002e35   Thumb Code     0  os_cpu_a.o(.text)
    OS_CPU_SR_Restore                        0x08002e3d   Thumb Code     0  os_cpu_a.o(.text)
    OSStartHighRdy                           0x08002e43   Thumb Code     0  os_cpu_a.o(.text)
    OSCtxSw                                  0x08002e63   Thumb Code     0  os_cpu_a.o(.text)
    OSIntCtxSw                               0x08002e6d   Thumb Code     0  os_cpu_a.o(.text)
    PendSV_Handler                           0x08002e77   Thumb Code     0  os_cpu_a.o(.text)
    OS_StrCopy                               0x08002ed9   Thumb Code    28  os_core.o(.text)
    OSEventNameGet                           0x08002ef5   Thumb Code   100  os_core.o(.text)
    OS_StrLen                                0x08002f59   Thumb Code    20  os_core.o(.text)
    OSEventNameSet                           0x08002f6d   Thumb Code   120  os_core.o(.text)
    OS_EventTaskRemoveMulti                  0x08002fe5   Thumb Code    60  os_core.o(.text)
    OS_Sched                                 0x0800303b   Thumb Code    86  os_core.o(.text)
    OS_EventTaskWaitMulti                    0x08003091   Thumb Code   136  os_core.o(.text)
    OSEventPendMulti                         0x08003119   Thumb Code   632  os_core.o(.text)
    OS_TaskStatStkChk                        0x08003391   Thumb Code    54  os_core.o(.text)
    OS_TaskStat                              0x080033c7   Thumb Code   114  os_core.o(.text)
    OS_TaskIdle                              0x08003471   Thumb Code    32  os_core.o(.text)
    OS_MemClr                                0x080034c9   Thumb Code    18  os_core.o(.text)
    OSInit                                   0x080035d1   Thumb Code    40  os_core.o(.text)
    OSIntEnter                               0x080035f9   Thumb Code    28  os_core.o(.text)
    OSIntExit                                0x08003615   Thumb Code   112  os_core.o(.text)
    OSSchedLock                              0x08003685   Thumb Code    50  os_core.o(.text)
    OSSchedUnlock                            0x080036b7   Thumb Code   218  os_core.o(.text)
    OSStart                                  0x08003791   Thumb Code    48  os_core.o(.text)
    OSStatInit                               0x080037c1   Thumb Code    62  os_core.o(.text)
    OSTimeTick                               0x080037ff   Thumb Code   220  os_core.o(.text)
    OSVersion                                0x080038db   Thumb Code     6  os_core.o(.text)
    OS_Dummy                                 0x080038e1   Thumb Code     2  os_core.o(.text)
    OS_EventTaskRemove                       0x080038e3   Thumb Code    42  os_core.o(.text)
    OS_EventTaskRdy                          0x0800390d   Thumb Code   132  os_core.o(.text)
    OS_EventTaskWait                         0x08003991   Thumb Code   112  os_core.o(.text)
    OS_EventWaitListInit                     0x08003a01   Thumb Code    28  os_core.o(.text)
    OS_MemCopy                               0x08003a1d   Thumb Code    20  os_core.o(.text)
    OS_TCBInit                               0x08003a31   Thumb Code   282  os_core.o(.text)
    OSFlagAccept                             0x08003b91   Thumb Code   252  os_flag.o(.text)
    OSFlagCreate                             0x08003c8d   Thumb Code    92  os_flag.o(.text)
    OS_FlagUnlink                            0x08003ce9   Thumb Code    36  os_flag.o(.text)
    OSFlagDel                                0x08003d6d   Thumb Code   224  os_flag.o(.text)
    OSFlagNameGet                            0x08003e4d   Thumb Code    82  os_flag.o(.text)
    OSFlagNameSet                            0x08003e9f   Thumb Code   102  os_flag.o(.text)
    OSFlagPend                               0x08003f9d   Thumb Code   614  os_flag.o(.text)
    OSFlagPendGetFlagsRdy                    0x08004203   Thumb Code    26  os_flag.o(.text)
    OSFlagPost                               0x0800421d   Thumb Code   312  os_flag.o(.text)
    OSFlagQuery                              0x08004355   Thumb Code    48  os_flag.o(.text)
    OS_FlagInit                              0x08004385   Thumb Code    68  os_flag.o(.text)
    OSTaskChangePrio                         0x080043d5   Thumb Code   396  os_task.o(.text)
    OSTaskCreate                             0x08004561   Thumb Code   148  os_task.o(.text)
    OS_TaskStkClr                            0x080045f5   Thumb Code    26  os_task.o(.text)
    OSTaskCreateExt                          0x0800460f   Thumb Code   172  os_task.o(.text)
    OSTaskDel                                0x080046bb   Thumb Code   360  os_task.o(.text)
    OSTaskDelReq                             0x08004823   Thumb Code   100  os_task.o(.text)
    OSTaskNameGet                            0x08004887   Thumb Code   116  os_task.o(.text)
    OSTaskNameSet                            0x080048fb   Thumb Code   132  os_task.o(.text)
    OSTaskResume                             0x0800497f   Thumb Code   160  os_task.o(.text)
    OSTaskStkChk                             0x08004a1f   Thumb Code   132  os_task.o(.text)
    OSTaskSuspend                            0x08004aa3   Thumb Code   152  os_task.o(.text)
    OSTaskQuery                              0x08004b3b   Thumb Code    82  os_task.o(.text)
    OSTimeDly                                0x08004ba5   Thumb Code    96  os_time.o(.text)
    OSTimeDlyHMSM                            0x08004c05   Thumb Code   108  os_time.o(.text)
    OSTimeDlyResume                          0x08004c71   Thumb Code   176  os_time.o(.text)
    OSTimeGet                                0x08004d21   Thumb Code    24  os_time.o(.text)
    OSTimeSet                                0x08004d39   Thumb Code    24  os_time.o(.text)
    OSInitHookBegin                          0x08004d69   Thumb Code     2  os_cpu_c.o(.text)
    OSInitHookEnd                            0x08004d6b   Thumb Code     2  os_cpu_c.o(.text)
    OSTaskCreateHook                         0x08004d6d   Thumb Code    12  os_cpu_c.o(.text)
    OSTaskDelHook                            0x08004d79   Thumb Code    12  os_cpu_c.o(.text)
    OSTaskIdleHook                           0x08004d85   Thumb Code     8  os_cpu_c.o(.text)
    OSTaskStatHook                           0x08004d8d   Thumb Code     8  os_cpu_c.o(.text)
    OSTaskStkInit                            0x08004d95   Thumb Code   154  os_cpu_c.o(.text)
    OSTaskSwHook                             0x08004e2f   Thumb Code     8  os_cpu_c.o(.text)
    OSTCBInitHook                            0x08004e37   Thumb Code    12  os_cpu_c.o(.text)
    OSTimeTickHook                           0x08004e43   Thumb Code     2  os_cpu_c.o(.text)
    main                                     0x08004ef5   Thumb Code    68  app.o(.text)
    App_TaskCreateHook                       0x08004f39   Thumb Code     2  app.o(.text)
    App_TaskDelHook                          0x08004f3b   Thumb Code     2  app.o(.text)
    App_TaskIdleHook                         0x08004f3d   Thumb Code     2  app.o(.text)
    App_TaskStatHook                         0x08004f3f   Thumb Code     2  app.o(.text)
    App_TaskSwHook                           0x08004f41   Thumb Code     2  app.o(.text)
    App_TCBInitHook                          0x08004f43   Thumb Code     2  app.o(.text)
    NMI_Handler                              0x08005065   Thumb Code     2  stm32f10x_it.o(.text)
    HardFault_Handler                        0x08005067   Thumb Code     4  stm32f10x_it.o(.text)
    MemManage_Handler                        0x0800506b   Thumb Code     4  stm32f10x_it.o(.text)
    BusFault_Handler                         0x0800506f   Thumb Code     4  stm32f10x_it.o(.text)
    UsageFault_Handler                       0x08005073   Thumb Code     4  stm32f10x_it.o(.text)
    SVC_Handler                              0x08005077   Thumb Code     2  stm32f10x_it.o(.text)
    DebugMon_Handler                         0x08005079   Thumb Code     2  stm32f10x_it.o(.text)
    SysTick_Handler                          0x0800507b   Thumb Code    34  stm32f10x_it.o(.text)
    USART1_IRQHandler                        0x0800509d   Thumb Code    64  stm32f10x_it.o(.text)
    TIM4_IRQHandler                          0x080050dd   Thumb Code    34  stm32f10x_it.o(.text)
    EXTI9_5_IRQHandler                       0x080050ff   Thumb Code    90  stm32f10x_it.o(.text)
    __aeabi_memset                           0x08005179   Thumb Code    14  memseta.o(.text)
    __aeabi_memset4                          0x08005179   Thumb Code     0  memseta.o(.text)
    __aeabi_memset8                          0x08005179   Thumb Code     0  memseta.o(.text)
    __aeabi_memclr                           0x08005187   Thumb Code     4  memseta.o(.text)
    __aeabi_memclr4                          0x08005187   Thumb Code     0  memseta.o(.text)
    __aeabi_memclr8                          0x08005187   Thumb Code     0  memseta.o(.text)
    _memset$wrapper                          0x0800518b   Thumb Code    20  memseta.o(.text)
    __aeabi_fadd                             0x0800519f   Thumb Code   164  fadd.o(.text)
    __aeabi_fsub                             0x08005243   Thumb Code     6  fadd.o(.text)
    __aeabi_frsub                            0x08005249   Thumb Code     6  fadd.o(.text)
    __aeabi_i2f                              0x0800524f   Thumb Code    18  fflti.o(.text)
    __aeabi_ui2f                             0x08005261   Thumb Code    10  ffltui.o(.text)
    __aeabi_f2iz                             0x0800526b   Thumb Code    50  ffixi.o(.text)
    __aeabi_f2uiz                            0x0800529d   Thumb Code    40  ffixui.o(.text)
    __aeabi_uldivmod                         0x080052c5   Thumb Code   102  uldiv.o(.text)
    __I$use$fp                               0x0800532b   Thumb Code     0  iusefp.o(.text)
    _float_round                             0x0800532b   Thumb Code    18  fepilogue.o(.text)
    _float_epilogue                          0x0800533d   Thumb Code    94  fepilogue.o(.text)
    __scatterload                            0x0800539d   Thumb Code    28  init.o(.text)
    __scatterload_rt2                        0x0800539d   Thumb Code     0  init.o(.text)
    __aeabi_llsl                             0x080053c1   Thumb Code    30  llshl.o(.text)
    _ll_shift_l                              0x080053c1   Thumb Code     0  llshl.o(.text)
    __aeabi_llsr                             0x080053df   Thumb Code    32  llushr.o(.text)
    _ll_ushift_r                             0x080053df   Thumb Code     0  llushr.o(.text)
    __0printf$4                              0x08005401   Thumb Code    22  printf4.o(i.__0printf$4)
    __1printf$4                              0x08005401   Thumb Code     0  printf4.o(i.__0printf$4)
    __2printf                                0x08005401   Thumb Code     0  printf4.o(i.__0printf$4)
    __scatterload_copy                       0x08005421   Thumb Code    14  handlers.o(i.__scatterload_copy)
    __scatterload_null                       0x0800542f   Thumb Code     2  handlers.o(i.__scatterload_null)
    __scatterload_zeroinit                   0x08005431   Thumb Code    14  handlers.o(i.__scatterload_zeroinit)
    OSUnMapTbl                               0x08005664   Data         256  os_core.o(.constdata)
    Region$$Table$$Base                      0x08005764   Number         0  anon$$obj.o(Region$$Table)
    Region$$Table$$Limit                     0x08005784   Number         0  anon$$obj.o(Region$$Table)
    SystemCoreClock                          0x20000000   Data           4  system_stm32f10x.o(.data)
    AHBPrescTable                            0x20000004   Data          16  system_stm32f10x.o(.data)
    msHcCount                                0x20000028   Data           1  ultrasonic.o(.data)
    time                                     0x2000002c   Data           4  ultrasonic.o(.data)
    OSCtxSwCtr                               0x20000030   Data           4  os_core.o(.data)
    OSEventFreeList                          0x20000034   Data           4  os_core.o(.data)
    OSFlagFreeList                           0x20000038   Data           4  os_core.o(.data)
    OSCPUUsage                               0x2000003c   Data           1  os_core.o(.data)
    OSIdleCtrMax                             0x20000040   Data           4  os_core.o(.data)
    OSIdleCtrRun                             0x20000044   Data           4  os_core.o(.data)
    OSStatRdy                                0x20000048   Data           1  os_core.o(.data)
    OSIntNesting                             0x20000049   Data           1  os_core.o(.data)
    OSLockNesting                            0x2000004a   Data           1  os_core.o(.data)
    OSPrioCur                                0x2000004b   Data           1  os_core.o(.data)
    OSPrioHighRdy                            0x2000004c   Data           1  os_core.o(.data)
    OSRdyGrp                                 0x2000004d   Data           1  os_core.o(.data)
    OSRdyTbl                                 0x2000004e   Data           4  os_core.o(.data)
    OSRunning                                0x20000052   Data           1  os_core.o(.data)
    OSTaskCtr                                0x20000053   Data           1  os_core.o(.data)
    OSIdleCtr                                0x20000054   Data           4  os_core.o(.data)
    OSTCBCur                                 0x20000058   Data           4  os_core.o(.data)
    OSTCBFreeList                            0x2000005c   Data           4  os_core.o(.data)
    OSTCBHighRdy                             0x20000060   Data           4  os_core.o(.data)
    OSTCBList                                0x20000064   Data           4  os_core.o(.data)
    OSTickStepState                          0x20000068   Data           1  os_core.o(.data)
    OSTime                                   0x2000006c   Data           4  os_core.o(.data)
    __stdout                                 0x20000074   Data           4  stdout.o(.data)
    usart1_buf                               0x20000078   Data         256  usart.o(.bss)
    OSEventTbl                               0x20000178   Data         320  os_core.o(.bss)
    OSFlagTbl                                0x200002b8   Data         140  os_core.o(.bss)
    OSTaskStatStk                            0x20000344   Data         512  os_core.o(.bss)
    OSTaskIdleStk                            0x20000544   Data         512  os_core.o(.bss)
    OSTCBPrioTbl                             0x20000744   Data         128  os_core.o(.bss)
    OSTCBTbl                                 0x200007c4   Data        1104  os_core.o(.bss)
    __initial_sp                             0x20001218   Data           0  startup_stm32f10x_md.o(STACK)



==============================================================================

Memory Map of the image

  Image Entry point : 0x080000ed

  Load Region LR_IROM1 (Base: 0x08000000, Size: 0x000057fc, Max: 0x00080000, ABSOLUTE)

    Execution Region ER_IROM1 (Base: 0x08000000, Size: 0x00005784, Max: 0x00080000, ABSOLUTE)

    Base Addr    Size         Type   Attr      Idx    E Section Name        Object

    0x08000000   0x000000ec   Data   RO            3    RESET               startup_stm32f10x_md.o
    0x080000ec   0x00000000   Code   RO         1240  * .ARM.Collect$$$$00000000  mc_w.l(entry.o)(mc_w.l)
    0x080000ec   0x00000004   Code   RO         1516    .ARM.Collect$$$$00000001  mc_w.l(entry2.o)(mc_w.l)
    0x080000f0   0x00000004   Code   RO         1519    .ARM.Collect$$$$00000004  mc_w.l(entry5.o)(mc_w.l)
    0x080000f4   0x00000008   Code   RO         1520    .ARM.Collect$$$$00000007  mc_w.l(entry7.o)(mc_w.l)
    0x080000fc   0x00000004   Code   RO         1517    .ARM.Collect$$$$00002712  mc_w.l(entry2.o)(mc_w.l)
    0x08000100   0x00000024   Code   RO            4    .text               startup_stm32f10x_md.o
    0x08000124   0x000001c8   Code   RO           24    .text               system_stm32f10x.o
    0x080002ec   0x000000f8   Code   RO          121    .text               misc.o
    0x080003e4   0x0000013c   Code   RO          233    .text               stm32f10x_exti.o
    0x08000520   0x000005c8   Code   RO          245    .text               stm32f10x_flash.o
    0x08000ae8   0x00000358   Code   RO          269    .text               stm32f10x_gpio.o
    0x08000e40   0x000003f0   Code   RO          281    .text               stm32f10x_i2c.o
    0x08001230   0x000003a4   Code   RO          317    .text               stm32f10x_rcc.o
    0x080015d4   0x00000dae   Code   RO          367    .text               stm32f10x_tim.o
    0x08002382   0x00000002   PAD
    0x08002384   0x0000040c   Code   RO          379    .text               stm32f10x_usart.o
    0x08002790   0x00000100   Code   RO          403    .text               bsp.o
    0x08002890   0x000000ec   Code   RO          504    .text               usart.o
    0x0800297c   0x00000080   Code   RO          577    .text               systick.o
    0x080029fc   0x000001cc   Code   RO          647    .text               i2c.o
    0x08002bc8   0x000001b8   Code   RO          720    .text               ultrasonic.o
    0x08002d80   0x00000088   Code   RO          793    .text               tim4.o
    0x08002e08   0x0000002a   Code   RO          884    .text               cpu_a.o
    0x08002e32   0x00000002   PAD
    0x08002e34   0x000000a4   Code   RO          932    .text               os_cpu_a.o
    0x08002ed8   0x00000cb8   Code   RO          935    .text               os_core.o
    0x08003b90   0x00000844   Code   RO          964    .text               os_flag.o
    0x080043d4   0x000007d0   Code   RO         1022    .text               os_task.o
    0x08004ba4   0x000001c4   Code   RO         1034    .text               os_time.o
    0x08004d68   0x000000dc   Code   RO         1052    .text               os_cpu_c.o
    0x08004e44   0x00000220   Code   RO         1093    .text               app.o
    0x08005064   0x00000114   Code   RO         1165    .text               stm32f10x_it.o
    0x08005178   0x00000026   Code   RO         1243    .text               mc_w.l(memseta.o)(mc_w.l)
    0x0800519e   0x000000b0   Code   RO         1506    .text               mf_w.l(fadd.o)(mf_w.l)
    0x0800524e   0x00000012   Code   RO         1508    .text               mf_w.l(fflti.o)(mf_w.l)
    0x08005260   0x0000000a   Code   RO         1510    .text               mf_w.l(ffltui.o)(mf_w.l)
    0x0800526a   0x00000032   Code   RO         1512    .text               mf_w.l(ffixi.o)(mf_w.l)
    0x0800529c   0x00000028   Code   RO         1514    .text               mf_w.l(ffixui.o)(mf_w.l)
    0x080052c4   0x00000066   Code   RO         1524    .text               mc_w.l(uldiv.o)(mc_w.l)
    0x0800532a   0x00000000   Code   RO         1526    .text               mc_w.l(iusefp.o)(mc_w.l)
    0x0800532a   0x00000070   Code   RO         1527    .text               mf_w.l(fepilogue.o)(mf_w.l)
    0x0800539a   0x00000002   PAD
    0x0800539c   0x00000024   Code   RO         1539    .text               mc_w.l(init.o)(mc_w.l)
    0x080053c0   0x0000001e   Code   RO         1541    .text               mc_w.l(llshl.o)(mc_w.l)
    0x080053de   0x00000020   Code   RO         1543    .text               mc_w.l(llushr.o)(mc_w.l)
    0x080053fe   0x00000002   PAD
    0x08005400   0x00000020   Code   RO         1356    i.__0printf$4       mc_w.l(printf4.o)(mc_w.l)
    0x08005420   0x0000000e   Code   RO         1551    i.__scatterload_copy  mc_w.l(handlers.o)(mc_w.l)
    0x0800542e   0x00000002   Code   RO         1552    i.__scatterload_null  mc_w.l(handlers.o)(mc_w.l)
    0x08005430   0x0000000e   Code   RO         1553    i.__scatterload_zeroinit  mc_w.l(handlers.o)(mc_w.l)
    0x0800543e   0x00000002   PAD
    0x08005440   0x00000224   Code   RO         1363    i._printf_core      mc_w.l(printf4.o)(mc_w.l)
    0x08005664   0x00000100   Data   RO          937    .constdata          os_core.o
    0x08005764   0x00000020   Data   RO         1549    Region$$Table       anon$$obj.o


    Execution Region RW_IRAM1 (Base: 0x20000000, Size: 0x00001218, Max: 0x00010000, ABSOLUTE)

    Base Addr    Size         Type   Attr      Idx    E Section Name        Object

    0x20000000   0x00000014   Data   RW           25    .data               system_stm32f10x.o
    0x20000014   0x00000014   Data   RW          318    .data               stm32f10x_rcc.o
    0x20000028   0x00000008   Data   RW          721    .data               ultrasonic.o
    0x20000030   0x00000040   Data   RW          938    .data               os_core.o
    0x20000070   0x00000001   Data   RW         1166    .data               stm32f10x_it.o
    0x20000071   0x00000003   PAD
    0x20000074   0x00000004   Data   RW         1521    .data               mc_w.l(stdout.o)(mc_w.l)
    0x20000078   0x00000100   Zero   RW          505    .bss                usart.o
    0x20000178   0x00000a9c   Zero   RW          936    .bss                os_core.o
    0x20000c14   0x00000200   Zero   RW         1094    .bss                app.o
    0x20000e14   0x00000004   PAD
    0x20000e18   0x00000400   Zero   RW            1    STACK               startup_stm32f10x_md.o


==============================================================================

Image component sizes


      Code (inc. data)   RO Data    RW Data    ZI Data      Debug   Object Name

       544        288          0          0        512          0   app.o
       256          0          0          0          0          0   bsp.o
         0          0          0          0          0          0   core_cm3.o
        42          0          0          0          0          0   cpu_a.o
       460         22          0          0          0          0   i2c.o
       248         30          0          0          0          0   misc.o
      3256        254        256         64       2716          0   os_core.o
       164         32          0          0          0          0   os_cpu_a.o
       220          0          0          0          0          0   os_cpu_c.o
      2116         38          0          0          0          0   os_flag.o
      2000         64          0          0          0          0   os_task.o
       452         24          0          0          0          0   os_time.o
        36          8        236          0       1024          0   startup_stm32f10x_md.o
       316         28          0          0          0          0   stm32f10x_exti.o
      1480         52          0          0          0          0   stm32f10x_flash.o
       856         40          0          0          0          0   stm32f10x_gpio.o
      1008         16          0          0          0          0   stm32f10x_i2c.o
       276         32          0          1          0          0   stm32f10x_it.o
       932         52          0         20          0          0   stm32f10x_rcc.o
      3502         86          0          0          0          0   stm32f10x_tim.o
      1036         20          0          0          0          0   stm32f10x_usart.o
       456         36          0         20          0          0   system_stm32f10x.o
       128          0          0          0          0          0   systick.o
       136          6          0          0          0          0   tim4.o
       440         16          0          8          0          0   ultrasonic.o
       236          8          0          0        256          0   usart.o

    ----------------------------------------------------------------------
     20600       1152        524        116       4512          0   Object Totals
         0          0         32          0          0          0   (incl. Generated)
         4          0          0          3          4          0   (incl. Padding)

    ----------------------------------------------------------------------

      Code (inc. data)   RO Data    RW Data    ZI Data      Debug   Library Member Name

         0          0          0          0          0          0   entry.o
         8          4          0          0          0          0   entry2.o
         4          0          0          0          0          0   entry5.o
         8          4          0          0          0          0   entry7.o
        30          0          0          0          0          0   handlers.o
        36          8          0          0          0          0   init.o
         0          0          0          0          0          0   iusefp.o
        30          0          0          0          0          0   llshl.o
        32          0          0          0          0          0   llushr.o
        38          0          0          0          0          0   memseta.o
       580         14          0          0          0          0   printf4.o
         0          0          0          4          0          0   stdout.o
       102          0          0          0          0          0   uldiv.o
       176          0          0          0          0          0   fadd.o
       112          0          0          0          0          0   fepilogue.o
        50          0          0          0          0          0   ffixi.o
        40          0          0          0          0          0   ffixui.o
        18          0          0          0          0          0   fflti.o
        10          0          0          0          0          0   ffltui.o

    ----------------------------------------------------------------------
      1280         30          0          4          0          0   Library Totals
         6          0          0          0          0          0   (incl. Padding)

    ----------------------------------------------------------------------

      Code (inc. data)   RO Data    RW Data    ZI Data      Debug   Library Name

       868         30          0          4          0        588   mc_w.l
       406          0          0          0          0        580   mf_w.l

    ----------------------------------------------------------------------
      1280         30          0          4          0          0   Library Totals

    ----------------------------------------------------------------------

==============================================================================


      Code (inc. data)   RO Data    RW Data    ZI Data      Debug   

     21880       1182        524        120       4512     435760   Grand Totals
     21880       1182        524        120       4512     435760   ELF Image Totals
     21880       1182        524        120          0          0   ROM Totals

==============================================================================

    Total RO  Size (Code + RO Data)                22404 (  21.88kB)
    Total RW  Size (RW Data + ZI Data)              4632 (   4.52kB)
    Total ROM Size (Code + RO Data + RW Data)      22524 (  22.00kB)

==============================================================================

